Archive member included to satisfy reference by file (symbol)

app/libapp.a(main.c.obj)      (--whole-archive)
app/libapp.a(at24_eeprom.c.obj)
                              (--whole-archive)
zephyr/libzephyr.a(validate_libc.c.obj)
                              (--whole-archive)
zephyr/libzephyr.a(heap.c.obj)
                              (--whole-archive)
zephyr/libzephyr.a(cbprintf_packaged.c.obj)
                              (--whole-archive)
zephyr/libzephyr.a(clock.c.obj)
                              (--whole-archive)
zephyr/libzephyr.a(printk.c.obj)
                              (--whole-archive)
zephyr/libzephyr.a(sem.c.obj)
                              (--whole-archive)
zephyr/libzephyr.a(thread_entry.c.obj)
                              (--whole-archive)
zephyr/libzephyr.a(cbprintf_complete.c.obj)
                              (--whole-archive)
zephyr/libzephyr.a(assert.c.obj)
                              (--whole-archive)
zephyr/libzephyr.a(dec.c.obj)
                              (--whole-archive)
zephyr/libzephyr.a(hex.c.obj)
                              (--whole-archive)
zephyr/libzephyr.a(rb.c.obj)  (--whole-archive)
zephyr/libzephyr.a(timeutil.c.obj)
                              (--whole-archive)
zephyr/libzephyr.a(bitarray.c.obj)
                              (--whole-archive)
zephyr/libzephyr.a(bitmask.c.obj)
                              (--whole-archive)
zephyr/libzephyr.a(getopt.c.obj)
                              (--whole-archive)
zephyr/libzephyr.a(getopt_common.c.obj)
                              (--whole-archive)
zephyr/libzephyr.a(ring_buffer.c.obj)
                              (--whole-archive)
zephyr/libzephyr.a(last_section_id.c.obj)
                              (--whole-archive)
zephyr/libzephyr.a(configs.c.obj)
                              (--whole-archive)
zephyr/libzephyr.a(stm32cube_hal.c.obj)
                              (--whole-archive)
zephyr/libzephyr.a(soc_config.c.obj)
                              (--whole-archive)
zephyr/libzephyr.a(stm32_backup_domain.c.obj)
                              (--whole-archive)
zephyr/libzephyr.a(soc.c.obj)
                              (--whole-archive)
zephyr/libzephyr.a(mem_attr.c.obj)
                              (--whole-archive)
zephyr/libzephyr.a(tracing_none.c.obj)
                              (--whole-archive)
zephyr/arch/common/libarch__common.a(sw_isr_common.c.obj)
                              (--whole-archive)
zephyr/arch/common/libarch__common.a(init.c.obj)
                              (--whole-archive)
zephyr/arch/common/libarch__common.a(xip.c.obj)
                              (--whole-archive)
zephyr/arch/arch/arm/core/libarch__arm__core.a(fatal.c.obj)
                              (--whole-archive)
zephyr/arch/arch/arm/core/libarch__arm__core.a(nmi.c.obj)
                              (--whole-archive)
zephyr/arch/arch/arm/core/libarch__arm__core.a(nmi_on_reset.S.obj)
                              (--whole-archive)
zephyr/arch/arch/arm/core/libarch__arm__core.a(tls.c.obj)
                              (--whole-archive)
zephyr/arch/arch/arm/core/cortex_m/libarch__arm__core__cortex_m.a(exc_exit.c.obj)
                              (--whole-archive)
zephyr/arch/arch/arm/core/cortex_m/libarch__arm__core__cortex_m.a(fault.c.obj)
                              (--whole-archive)
zephyr/arch/arch/arm/core/cortex_m/libarch__arm__core__cortex_m.a(fault_s.S.obj)
                              (--whole-archive)
zephyr/arch/arch/arm/core/cortex_m/libarch__arm__core__cortex_m.a(fpu.c.obj)
                              (--whole-archive)
zephyr/arch/arch/arm/core/cortex_m/libarch__arm__core__cortex_m.a(reset.S.obj)
                              (--whole-archive)
zephyr/arch/arch/arm/core/cortex_m/libarch__arm__core__cortex_m.a(scb.c.obj)
                              (--whole-archive)
zephyr/arch/arch/arm/core/cortex_m/libarch__arm__core__cortex_m.a(thread_abort.c.obj)
                              (--whole-archive)
zephyr/arch/arch/arm/core/cortex_m/libarch__arm__core__cortex_m.a(vector_table.S.obj)
                              (--whole-archive)
zephyr/arch/arch/arm/core/cortex_m/libarch__arm__core__cortex_m.a(swap_helper.S.obj)
                              (--whole-archive)
zephyr/arch/arch/arm/core/cortex_m/libarch__arm__core__cortex_m.a(irq_manage.c.obj)
                              (--whole-archive)
zephyr/arch/arch/arm/core/cortex_m/libarch__arm__core__cortex_m.a(prep_c.c.obj)
                              (--whole-archive)
zephyr/arch/arch/arm/core/cortex_m/libarch__arm__core__cortex_m.a(thread.c.obj)
                              (--whole-archive)
zephyr/arch/arch/arm/core/cortex_m/libarch__arm__core__cortex_m.a(cpu_idle.c.obj)
                              (--whole-archive)
zephyr/arch/arch/arm/core/cortex_m/libarch__arm__core__cortex_m.a(irq_init.c.obj)
                              (--whole-archive)
zephyr/arch/arch/arm/core/cortex_m/libarch__arm__core__cortex_m.a(isr_wrapper.c.obj)
[...]
Memory Configuration

Name             Origin             Length             Attributes
FLASH            0x0000000008000000 0x0000000000100000 xr
RAM              0x0000000020000000 0x0000000000020000 xw
SRAM0            0x0000000020000000 0x0000000000020000 rw
DTCM             0x0000000010000000 0x0000000000010000 rw
IDT_LIST         0x00000000ffff7fff 0x0000000000008000 xw
*default*        0x0000000000000000 0xffffffffffffffff

Linker script and memory map

                0x0000000008002c4c                vfprintf = __l_vfprintf
                0x0000000000000000                vfscanf = __l_vfscanf
LOAD zephyr/CMakeFiles/zephyr_final.dir/misc/empty_file.c.obj
LOAD zephyr/CMakeFiles/zephyr_final.dir/isr_tables.c.obj
LOAD zephyr/CMakeFiles/offsets.dir/./arch/arm/core/offsets/offsets.c.obj
LOAD app/libapp.a
LOAD zephyr/libzephyr.a
LOAD zephyr/arch/common/libarch__common.a
LOAD zephyr/arch/arch/arm/core/libarch__arm__core.a
LOAD zephyr/arch/arch/arm/core/cortex_m/libarch__arm__core__cortex_m.a
LOAD zephyr/arch/arch/arm/core/mpu/libarch__arm__core__mpu.a
LOAD zephyr/lib/libc/picolibc/liblib__libc__picolibc.a
LOAD zephyr/lib/libc/common/liblib__libc__common.a
LOAD zephyr/lib/posix/c_lib_ext/liblib__posix__c_lib_ext.a
LOAD zephyr/drivers/interrupt_controller/libdrivers__interrupt_controller.a
LOAD zephyr/drivers/clock_control/libdrivers__clock_control.a
LOAD zephyr/drivers/console/libdrivers__console.a
LOAD zephyr/drivers/gpio/libdrivers__gpio.a
LOAD zephyr/drivers/i2c/libdrivers__i2c.a
LOAD zephyr/drivers/pinctrl/libdrivers__pinctrl.a
LOAD zephyr/drivers/reset/libdrivers__reset.a
LOAD zephyr/drivers/serial/libdrivers__serial.a
LOAD zephyr/drivers/timer/libdrivers__timer.a
LOAD modules/hal_stm32/stm32cube/lib..__modules__hal__stm32__stm32cube.a
LOAD zephyr/kernel/libkernel.a
LOAD zephyr/arch/common/libisr_tables.a
LOAD c:\users\user\zephyr-sdk-0.17.4\arm-zephyr-eabi\bin\../lib/gcc/../../picolibc/arm-zephyr-eabi/lib/thumb/v7e-m/nofp\libc.a
LOAD c:/users/user/zephyr-sdk-0.17.4/arm-zephyr-eabi/bin/../lib/gcc/arm-zephyr-eabi/12.2.0/thumb/v7e-m/nofp\libgcc.a
                0x0000000000000020                _region_min_align = 0x20

.rel.plt        0x0000000008000000        0x0
 *(SORT_BY_ALIGNMENT(.rel.plt))
                [!provide]                        PROVIDE (__rel_iplt_start = .)
 *(SORT_BY_ALIGNMENT(.rel.iplt))
 .rel.iplt      0x0000000008000000        0x0 zephyr/CMakeFiles/zephyr_final.dir/isr_tables.c.obj
                [!provide]                        PROVIDE (__rel_iplt_end = .)

.rela.plt       0x0000000000000000        0x0
 *(SORT_BY_ALIGNMENT(.rela.plt))
                [!provide]                        PROVIDE (__rela_iplt_start = .)
 *(SORT_BY_ALIGNMENT(.rela.iplt))
                [!provide]                        PROVIDE (__rela_iplt_end = .)

.rel.dyn
 *(SORT_BY_ALIGNMENT(.rel.*))

.rela.dyn
 *(SORT_BY_ALIGNMENT(.rela.*))

/DISCARD/
 *(SORT_BY_ALIGNMENT(.plt))

/DISCARD/
 *(SORT_BY_ALIGNMENT(.iplt))
                0x0000000008000000                __rom_region_start = 0x8000000

rom_start       0x0000000008000000      0x188
                0x0000000008000000                __rom_start_address = .
 FILL mask 0x00
                0x0000000008000000                . = (. + (0x0 - (. - __rom_start_address)))
                0x0000000008000000                . = ALIGN (0x4)
                0x0000000008000000                . = ALIGN (0x80)
                0x0000000008000000                . = ALIGN (0x200)
                0x0000000008000000                _vector_start = .
 *(SORT_BY_ALIGNMENT(.exc_vector_table))
 *(SORT_BY_ALIGNMENT(.exc_vector_table.*))
 .exc_vector_table._vector_table_section
                0x0000000008000000       0x40 zephyr/arch/arch/arm/core/cortex_m/libarch__arm__core__cortex_m.a(vector_table.S.obj)
                0x0000000008000000                _vector_table
 *(SORT_BY_ALIGNMENT(.vectors))
                0x0000000008000188                _vector_end = .
                0x0000000008000040                . = ALIGN (0x4)
 *(SORT_BY_ALIGNMENT(.gnu.linkonce.irq_vector_table*))
 .gnu.linkonce.irq_vector_table
                0x0000000008000040      0x148 zephyr/CMakeFiles/zephyr_final.dir/isr_tables.c.obj
                0x0000000008000040                _irq_vector_table
                0x0000000008000188                _vector_end = .

text            0x0000000008000188     0x41fc
                0x0000000008000188                __text_region_start = .
 *(SORT_BY_ALIGNMENT(.text))
 .text          0x0000000008000188       0x30 c:/users/user/zephyr-sdk-0.17.4/arm-zephyr-eabi/bin/../lib/gcc/arm-zephyr-eabi/12.2.0/thumb/v7e-m/nofp\libgcc.a(_aeabi_uldivmod.o)
                0x0000000008000188                __aeabi_uldivmod
 .text          0x00000000080001b8        0x4 c:/users/user/zephyr-sdk-0.17.4/arm-zephyr-eabi/bin/../lib/gcc/arm-zephyr-eabi/12.2.0/thumb/v7e-m/nofp\libgcc.a(_dvmd_tls.o)
                0x00000000080001b8                __aeabi_idiv0
                0x00000000080001b8                __aeabi_ldiv0
 .text          0x00000000080001bc      0x2a0 c:/users/user/zephyr-sdk-0.17.4/arm-zephyr-eabi/bin/../lib/gcc/arm-zephyr-eabi/12.2.0/thumb/v7e-m/nofp\libgcc.a(_udivmoddi4.o)
                0x00000000080001bc                __udivmoddi4
 *(SORT_BY_ALIGNMENT(.text.*))
 .text.main     0x000000000800045c       0xb4 app/libapp.a(main.c.obj)
                0x000000000800045c                main
 .text.eepromInit
                0x0000000008000510       0x1c app/libapp.a(at24_eeprom.c.obj)
                0x0000000008000510                eepromInit
 .text.eepromWrite8
                0x000000000800052c       0x50 app/libapp.a(at24_eeprom.c.obj)
                0x000000000800052c                eepromWrite8
 .text.eepromRead8
                0x000000000800057c       0x34 app/libapp.a(at24_eeprom.c.obj)
                0x000000000800057c                eepromRead8
 .text.char_out
                0x00000000080005b0        0xc zephyr/libzephyr.a(printk.c.obj)
 .text.__printk_hook_install
                0x00000000080005bc        0xc zephyr/libzephyr.a(printk.c.obj)
                0x00000000080005bc                __printk_hook_install
 .text.vprintk  0x00000000080005c8       0x30 zephyr/libzephyr.a(printk.c.obj)
                0x00000000080005c8                vprintk
 .text.z_thread_entry
                0x00000000080005f8       0x34 zephyr/libzephyr.a(thread_entry.c.obj)
                0x00000000080005f8                z_thread_entry
 .text.st_stm32_common_config
                0x000000000800062c       0x14 zephyr/libzephyr.a(soc_config.c.obj)
 .text.soc_early_init_hook
                0x0000000008000640       0x30 zephyr/libzephyr.a(soc.c.obj)
                0x0000000008000640                soc_early_init_hook
 .text.mem_attr_get_regions
                0x0000000008000670        0xc zephyr/libzephyr.a(mem_attr.c.obj)
                0x0000000008000670                mem_attr_get_regions
 .text.arch_bss_zero
                0x000000000800067c       0x2c zephyr/arch/common/libarch__common.a(init.c.obj)
                0x000000000800067c                arch_bss_zero
 .text.arch_data_copy
                0x00000000080006a8       0x50 zephyr/arch/common/libarch__common.a(xip.c.obj)
                0x00000000080006a8                arch_data_copy
 .text.z_arm_fatal_error
                0x00000000080006f8       0x60 zephyr/arch/arch/arm/core/libarch__arm__core.a(fatal.c.obj)
                0x00000000080006f8                z_arm_fatal_error
 .text.z_SysNmiOnReset
                0x0000000008000758        0x8 zephyr/arch/arch/arm/core/libarch__arm__core.a(nmi_on_reset.S.obj)
                0x0000000008000758                z_SysNmiOnReset
 .text.arch_tls_stack_setup
                0x0000000008000760       0x40 zephyr/arch/arch/arm/core/libarch__arm__core.a(tls.c.obj)
                0x0000000008000760                arch_tls_stack_setup
 .text._HandlerModeExit
                0x00000000080007a0       0x20 zephyr/arch/arch/arm/core/cortex_m/libarch__arm__core__cortex_m.a(exc_exit.c.obj)
                0x00000000080007a0                z_arm_int_exit
                0x00000000080007a0                z_arm_exc_exit
 .text.mem_manage_fault
                0x00000000080007c0       0xf0 zephyr/arch/arch/arm/core/cortex_m/libarch__arm__core__cortex_m.a(fault.c.obj)
 .text.usage_fault.constprop.0
                0x00000000080008b0       0x98 zephyr/arch/arch/arm/core/cortex_m/libarch__arm__core__cortex_m.a(fault.c.obj)
 .text.bus_fault.constprop.0
                0x0000000008000948       0xb8 zephyr/arch/arch/arm/core/cortex_m/libarch__arm__core__cortex_m.a(fault.c.obj)
 .text.z_arm_fault
                0x0000000008000a00      0x1a0 zephyr/arch/arch/arm/core/cortex_m/libarch__arm__core__cortex_m.a(fault.c.obj)
                0x0000000008000a00                z_arm_fault
 .text.z_arm_fault_init
                0x0000000008000ba0       0x18 zephyr/arch/arch/arm/core/cortex_m/libarch__arm__core__cortex_m.a(fault.c.obj)
                0x0000000008000ba0                z_arm_fault_init
 .text.__fault  0x0000000008000bb8       0x14 zephyr/arch/arch/arm/core/cortex_m/libarch__arm__core__cortex_m.a(fault_s.S.obj)
                0x0000000008000bb8                z_arm_usage_fault
                0x0000000008000bb8                z_arm_mpu_fault
                0x0000000008000bb8                z_arm_exc_spurious
                0x0000000008000bb8                z_arm_debug_monitor
                0x0000000008000bb8                z_arm_hard_fault
                0x0000000008000bb8                z_arm_bus_fault
 .text._reset_section
                0x0000000008000bcc       0x34 zephyr/arch/arch/arm/core/cortex_m/libarch__arm__core__cortex_m.a(reset.S.obj)
                0x0000000008000bcc                __start
                0x0000000008000bcc                z_arm_reset
 .text.z_impl_k_thread_abort
                0x0000000008000c00       0x2c zephyr/arch/arch/arm/core/cortex_m/libarch__arm__core__cortex_m.a(thread_abort.c.obj)
                0x0000000008000c00                z_impl_k_thread_abort
 .text.z_arm_pendsv
                0x0000000008000c2c       0x60 zephyr/arch/arch/arm/core/cortex_m/libarch__arm__core__cortex_m.a(swap_helper.S.obj)
                0x0000000008000c2c                z_arm_pendsv
 .text.z_arm_svc
                0x0000000008000c8c       0x24 zephyr/arch/arch/arm/core/cortex_m/libarch__arm__core__cortex_m.a(swap_helper.S.obj)
                0x0000000008000c8c                z_arm_svc
 .text.arm_irq_enable
                0x0000000008000cb0       0x1c zephyr/arch/arch/arm/core/cortex_m/libarch__arm__core__cortex_m.a(irq_manage.c.obj)
                0x0000000008000cb0                arm_irq_enable
 .text.arm_irq_priority_set
                0x0000000008000ccc       0x30 zephyr/arch/arch/arm/core/cortex_m/libarch__arm__core__cortex_m.a(irq_manage.c.obj)
                0x0000000008000ccc                arm_irq_priority_set
 .text.relocate_vector_table
                0x0000000008000cfc       0x1c zephyr/arch/arch/arm/core/cortex_m/libarch__arm__core__cortex_m.a(prep_c.c.obj)
                0x0000000008000cfc                relocate_vector_table
 .text.z_prep_c
                0x0000000008000d18       0x38 zephyr/arch/arch/arm/core/cortex_m/libarch__arm__core__cortex_m.a(prep_c.c.obj)
                0x0000000008000d18                z_prep_c
 .text.arch_new_thread
                0x0000000008000d50       0x38 zephyr/arch/arch/arm/core/cortex_m/libarch__arm__core__cortex_m.a(thread.c.obj)
                0x0000000008000d50                arch_new_thread
 .text.z_check_thread_stack_fail
                0x0000000008000d88       0x2c zephyr/arch/arch/arm/core/cortex_m/libarch__arm__core__cortex_m.a(thread.c.obj)
                0x0000000008000d88                z_check_thread_stack_fail
 .text.arch_switch_to_main_thread
                0x0000000008000db4       0x3c zephyr/arch/arch/arm/core/cortex_m/libarch__arm__core__cortex_m.a(thread.c.obj)
                0x0000000008000db4                arch_switch_to_main_thread
 .text.z_arm_cpu_idle_init
                0x0000000008000df0        0xc zephyr/arch/arch/arm/core/cortex_m/libarch__arm__core__cortex_m.a(cpu_idle.c.obj)
                0x0000000008000df0                z_arm_cpu_idle_init
 .text.z_arm_interrupt_init
                0x0000000008000dfc       0x18 zephyr/arch/arch/arm/core/cortex_m/libarch__arm__core__cortex_m.a(irq_init.c.obj)
                0x0000000008000dfc                z_arm_interrupt_init
 .text._isr_wrapper
                0x0000000008000e14       0x24 zephyr/arch/arch/arm/core/cortex_m/libarch__arm__core__cortex_m.a(isr_wrapper.c.obj)
                0x0000000008000e14                _isr_wrapper
 .text.__aeabi_read_tp
                0x0000000008000e38        0xc zephyr/arch/arch/arm/core/cortex_m/libarch__arm__core__cortex_m.a(__aeabi_read_tp.S.obj)
                0x0000000008000e38                __aeabi_read_tp
 .text.z_arm_configure_static_mpu_regions
                0x0000000008000e44       0x18 zephyr/arch/arch/arm/core/mpu/libarch__arm__core__mpu.a(arm_core_mpu.c.obj)
                0x0000000008000e44                z_arm_configure_static_mpu_regions
 .text.z_arm_configure_dynamic_mpu_regions
                0x0000000008000e5c       0x20 zephyr/arch/arch/arm/core/mpu/libarch__arm__core__mpu.a(arm_core_mpu.c.obj)
                0x0000000008000e5c                z_arm_configure_dynamic_mpu_regions
 .text.region_init
                0x0000000008000e7c       0x28 zephyr/arch/arch/arm/core/mpu/libarch__arm__core__mpu.a(arm_mpu.c.obj)
 .text.mpu_configure_regions
                0x0000000008000ea4       0x6c zephyr/arch/arch/arm/core/mpu/libarch__arm__core__mpu.a(arm_mpu.c.obj)
 .text.arm_core_mpu_enable
                0x0000000008000f10       0x18 zephyr/arch/arch/arm/core/mpu/libarch__arm__core__mpu.a(arm_mpu.c.obj)
                0x0000000008000f10                arm_core_mpu_enable
 .text.arm_core_mpu_disable
                0x0000000008000f28       0x14 zephyr/arch/arch/arm/core/mpu/libarch__arm__core__mpu.a(arm_mpu.c.obj)
                0x0000000008000f28                arm_core_mpu_disable
 .text.arm_core_mpu_configure_static_mpu_regions
                0x0000000008000f3c       0x14 zephyr/arch/arch/arm/core/mpu/libarch__arm__core__mpu.a(arm_mpu.c.obj)
                0x0000000008000f3c                arm_core_mpu_configure_static_mpu_regions
 .text.arm_core_mpu_configure_dynamic_mpu_regions
                0x0000000008000f50       0x38 zephyr/arch/arch/arm/core/mpu/libarch__arm__core__mpu.a(arm_mpu.c.obj)
                0x0000000008000f50                arm_core_mpu_configure_dynamic_mpu_regions
 .text.z_arm_mpu_init
                0x0000000008000f88      0x188 zephyr/arch/arch/arm/core/mpu/libarch__arm__core__mpu.a(arm_mpu.c.obj)
                0x0000000008000f88                z_arm_mpu_init
 .text.z_impl_zephyr_fputc
                0x0000000008001110       0x10 zephyr/lib/libc/picolibc/liblib__libc__picolibc.a(stdio.c.obj)
                0x0000000008001110                z_impl_zephyr_fputc
 .text.__stdout_hook_install
                0x0000000008001120       0x18 zephyr/lib/libc/picolibc/liblib__libc__picolibc.a(stdio.c.obj)
                0x0000000008001120                __stdout_hook_install
 .text.malloc_prepare
                0x0000000008001138       0x24 zephyr/lib/libc/common/liblib__libc__common.a(malloc.c.obj)
 .text.stm32_exti_init
                0x000000000800115c       0x30 zephyr/drivers/interrupt_controller/libdrivers__interrupt_controller.a(intc_exti_stm32.c.obj)
 .text.stm32_exti_is_pending
                0x000000000800118c       0x20 zephyr/drivers/interrupt_controller/libdrivers__interrupt_controller.a(intc_exti_stm32.c.obj)
                0x000000000800118c                stm32_exti_is_pending
 .text.stm32_exti_clear_pending
                0x00000000080011ac       0x20 zephyr/drivers/interrupt_controller/libdrivers__interrupt_controller.a(intc_exti_stm32.c.obj)
                0x00000000080011ac                stm32_exti_clear_pending
 .text.stm32_fill_irq_table
                0x00000000080011cc       0x18 zephyr/drivers/interrupt_controller/libdrivers__interrupt_controller.a(intc_gpio_stm32.c.obj)
 .text.stm32_intc_gpio_isr
                0x00000000080011e4       0x4c zephyr/drivers/interrupt_controller/libdrivers__interrupt_controller.a(intc_gpio_stm32.c.obj)
 .text.stm32_gpio_intc_enable_line
                0x0000000008001230       0x2c zephyr/drivers/interrupt_controller/libdrivers__interrupt_controller.a(intc_gpio_stm32.c.obj)
                0x0000000008001230                stm32_gpio_intc_enable_line
 .text.stm32_gpio_intc_disable_line
                0x000000000800125c       0x10 zephyr/drivers/interrupt_controller/libdrivers__interrupt_controller.a(intc_gpio_stm32.c.obj)
                0x000000000800125c                stm32_gpio_intc_disable_line
 .text.stm32_gpio_intc_select_line_trigger
                0x000000000800126c       0x50 zephyr/drivers/interrupt_controller/libdrivers__interrupt_controller.a(intc_gpio_stm32.c.obj)
                0x000000000800126c                stm32_gpio_intc_select_line_trigger
 .text.stm32_gpio_intc_set_irq_callback
                0x00000000080012bc       0x40 zephyr/drivers/interrupt_controller/libdrivers__interrupt_controller.a(intc_gpio_stm32.c.obj)
                0x00000000080012bc                stm32_gpio_intc_set_irq_callback
 .text.stm32_gpio_intc_remove_irq_callback
                0x00000000080012fc       0x24 zephyr/drivers/interrupt_controller/libdrivers__interrupt_controller.a(intc_gpio_stm32.c.obj)
                0x00000000080012fc                stm32_gpio_intc_remove_irq_callback
 .text.stm32_exti_get_line_src_port
                0x0000000008001320       0x30 zephyr/drivers/interrupt_controller/libdrivers__interrupt_controller.a(intc_gpio_stm32.c.obj)
                0x0000000008001320                stm32_exti_get_line_src_port
 .text.stm32_clock_control_get_subsys_rate
                0x0000000008001350       0xc4 zephyr/drivers/clock_control/libdrivers__clock_control.a(clock_stm32_ll_common.c.obj)
 .text.enabled_clock
                0x0000000008001414       0x20 zephyr/drivers/clock_control/libdrivers__clock_control.a(clock_stm32_ll_common.c.obj)
                0x0000000008001414                enabled_clock
 .text.stm32_clock_control_init
                0x0000000008001434      0x144 zephyr/drivers/clock_control/libdrivers__clock_control.a(clock_stm32_ll_common.c.obj)
                0x0000000008001434                stm32_clock_control_init
 .text.get_pllsrc_frequency
                0x0000000008001578        0x8 zephyr/drivers/clock_control/libdrivers__clock_control.a(clock_stm32f2_f4_f7.c.obj)
                0x0000000008001578                get_pllsrc_frequency
 .text.config_pll_sysclock
                0x0000000008001580       0x38 zephyr/drivers/clock_control/libdrivers__clock_control.a(clock_stm32f2_f4_f7.c.obj)
                0x0000000008001580                config_pll_sysclock
 .text.get_plli2ssrc_frequency
                0x00000000080015b8        0x8 zephyr/drivers/clock_control/libdrivers__clock_control.a(clock_stm32f2_f4_f7.c.obj)
                0x00000000080015b8                get_plli2ssrc_frequency
 .text.config_plli2s
                0x00000000080015c0       0x3c zephyr/drivers/clock_control/libdrivers__clock_control.a(clock_stm32f2_f4_f7.c.obj)
                0x00000000080015c0                config_plli2s
 .text.config_enable_default_clocks
                0x00000000080015fc       0x20 zephyr/drivers/clock_control/libdrivers__clock_control.a(clock_stm32f2_f4_f7.c.obj)
                0x00000000080015fc                config_enable_default_clocks
 .text.uart_console_init
                0x000000000800161c       0x28 zephyr/drivers/console/libdrivers__console.a(uart_console.c.obj)
 .text.console_out
                0x0000000008001644       0x28 zephyr/drivers/console/libdrivers__console.a(uart_console.c.obj)
 .text.gpio_stm32_pin_interrupt_configure
                0x000000000800166c       0xac zephyr/drivers/gpio/libdrivers__gpio.a(gpio_stm32.c.obj)
 .text.gpio_stm32_init
                0x0000000008001718       0x20 zephyr/drivers/gpio/libdrivers__gpio.a(gpio_stm32.c.obj)
 .text.i2c_stm32_runtime_configure
                0x0000000008001738       0x74 zephyr/drivers/i2c/libdrivers__i2c.a(i2c_stm32.c.obj)
                0x0000000008001738                i2c_stm32_runtime_configure
 .text.i2c_stm32_init
                0x00000000080017ac       0x9c zephyr/drivers/i2c/libdrivers__i2c.a(i2c_stm32.c.obj)
 .text.i2c_stm32_activate
                0x0000000008001848       0x3c zephyr/drivers/i2c/libdrivers__i2c.a(i2c_stm32_common.c.obj)
                0x0000000008001848                i2c_stm32_activate
 .text.i2c_stm32_configure_timing
                0x0000000008001884       0xa8 zephyr/drivers/i2c/libdrivers__i2c.a(i2c_stm32_v1.c.obj)
                0x0000000008001884                i2c_stm32_configure_timing
 .text.pinctrl_configure_pins
                0x000000000800192c       0x84 zephyr/drivers/pinctrl/libdrivers__pinctrl.a(pinctrl_stm32.c.obj)
                0x000000000800192c                pinctrl_configure_pins
 .text.uart_stm32_parameters_set
                0x00000000080019b0      0x104 zephyr/drivers/serial/libdrivers__serial.a(uart_stm32.c.obj)
 .text.uart_stm32_configure
                0x0000000008001ab4      0x13c zephyr/drivers/serial/libdrivers__serial.a(uart_stm32.c.obj)
 .text.elapsed  0x0000000008001bf0       0x4c zephyr/drivers/timer/libdrivers__timer.a(cortex_m_systick.c.obj)
 .text.sys_clock_driver_init
                0x0000000008001c3c       0x34 zephyr/drivers/timer/libdrivers__timer.a(cortex_m_systick.c.obj)
 .text.sys_clock_isr
                0x0000000008001c70       0x60 zephyr/drivers/timer/libdrivers__timer.a(cortex_m_systick.c.obj)
                0x0000000008001c70                sys_clock_isr
 .text.sys_clock_set_timeout
                0x0000000008001cd0       0xf8 zephyr/drivers/timer/libdrivers__timer.a(cortex_m_systick.c.obj)
                0x0000000008001cd0                sys_clock_set_timeout
 .text.sys_clock_elapsed
                0x0000000008001dc8       0x3c zephyr/drivers/timer/libdrivers__timer.a(cortex_m_systick.c.obj)
                0x0000000008001dc8                sys_clock_elapsed
 .text.HAL_RCC_GetSysClockFreq
                0x0000000008001e04       0x5c modules/hal_stm32/stm32cube/lib..__modules__hal__stm32__stm32cube.a(stm32f4xx_hal_rcc.c.obj)
                0x0000000008001e04                HAL_RCC_GetSysClockFreq
 .text.LL_SetFlashLatency
                0x0000000008001e60       0xe4 modules/hal_stm32/stm32cube/lib..__modules__hal__stm32__stm32cube.a(stm32f4xx_ll_utils.c.obj)
                0x0000000008001e60                LL_SetFlashLatency
 .text.z_fatal_error
                0x0000000008001f44       0x30 zephyr/kernel/libkernel.a(fatal.c.obj)
                0x0000000008001f44                z_fatal_error
 .text.z_sys_init_run_level
                0x0000000008001f74       0x30 zephyr/kernel/libkernel.a(init.c.obj)
 .text.bg_thread_main
                0x0000000008001fa4       0xc0 zephyr/kernel/libkernel.a(init.c.obj)
 .text.z_init_cpu
                0x0000000008002064       0x70 zephyr/kernel/libkernel.a(init.c.obj)
                0x0000000008002064                z_init_cpu
 .text.z_cstart
                0x00000000080020d4       0xcc zephyr/kernel/libkernel.a(init.c.obj)
                0x00000000080020d4                z_cstart
 .text.z_impl_k_sem_give
                0x00000000080021a0       0x68 zephyr/kernel/libkernel.a(sem.c.obj)
                0x00000000080021a0                z_impl_k_sem_give
 .text.z_impl_k_sem_take
                0x0000000008002208       0x4c zephyr/kernel/libkernel.a(sem.c.obj)
                0x0000000008002208                z_impl_k_sem_take
 .text.z_impl_k_sem_reset
                0x0000000008002254       0x74 zephyr/kernel/libkernel.a(sem.c.obj)
                0x0000000008002254                z_impl_k_sem_reset
 .text.z_setup_new_thread
                0x00000000080022c8       0x98 zephyr/kernel/libkernel.a(thread.c.obj)
                0x00000000080022c8                z_setup_new_thread
 .text.z_dummy_thread_init
                0x0000000008002360       0x18 zephyr/kernel/libkernel.a(thread.c.obj)
                0x0000000008002360                z_dummy_thread_init
 .text.z_swap_irqlock
                0x0000000008002378       0x30 zephyr/kernel/libkernel.a(sched.c.obj)
 .text.ready_thread
                0x00000000080023a8       0x84 zephyr/kernel/libkernel.a(sched.c.obj)
 .text.unready_thread
                0x000000000800242c       0x54 zephyr/kernel/libkernel.a(sched.c.obj)
 .text.add_thread_timeout
                0x0000000008002480       0x1c zephyr/kernel/libkernel.a(sched.c.obj)
 .text.move_current_to_end_of_prio_q
                0x000000000800249c       0x70 zephyr/kernel/libkernel.a(sched.c.obj)
                0x000000000800249c                move_current_to_end_of_prio_q
 .text.z_pend_curr
                0x000000000800250c       0x44 zephyr/kernel/libkernel.a(sched.c.obj)
                0x000000000800250c                z_pend_curr
 .text.z_reschedule
                0x0000000008002550       0x24 zephyr/kernel/libkernel.a(sched.c.obj)
                0x0000000008002550                z_reschedule
 .text.z_reschedule_irqlock
                0x0000000008002574       0x28 zephyr/kernel/libkernel.a(sched.c.obj)
                0x0000000008002574                z_reschedule_irqlock
 .text.k_sched_lock
                0x000000000800259c       0x28 zephyr/kernel/libkernel.a(sched.c.obj)
                0x000000000800259c                k_sched_lock
 .text.k_sched_unlock
                0x00000000080025c4       0x68 zephyr/kernel/libkernel.a(sched.c.obj)
                0x00000000080025c4                k_sched_unlock
 .text.z_sched_init
                0x000000000800262c       0x10 zephyr/kernel/libkernel.a(sched.c.obj)
                0x000000000800262c                z_sched_init
 .text.z_impl_k_yield
                0x000000000800263c       0x88 zephyr/kernel/libkernel.a(sched.c.obj)
                0x000000000800263c                z_impl_k_yield
 .text.z_tick_sleep
                0x00000000080026c4       0x78 zephyr/kernel/libkernel.a(sched.c.obj)
 .text.z_impl_k_wakeup
                0x000000000800273c       0x48 zephyr/kernel/libkernel.a(sched.c.obj)
                0x000000000800273c                z_impl_k_wakeup
 .text.z_impl_k_sched_current_thread_query
                0x0000000008002784        0xc zephyr/kernel/libkernel.a(sched.c.obj)
                0x0000000008002784                z_impl_k_sched_current_thread_query
 .text.z_thread_abort
                0x0000000008002790      0x140 zephyr/kernel/libkernel.a(sched.c.obj)
                0x0000000008002790                z_thread_abort
 .text.z_time_slice_size
                0x00000000080028d0       0x40 zephyr/kernel/libkernel.a(timeslicing.c.obj)
 .text.slice_timeout
                0x0000000008002910       0x20 zephyr/kernel/libkernel.a(timeslicing.c.obj)
 .text.z_reset_time_slice
                0x0000000008002930       0x48 zephyr/kernel/libkernel.a(timeslicing.c.obj)
                0x0000000008002930                z_reset_time_slice
 .text.z_time_slice
                0x0000000008002978       0x5c zephyr/kernel/libkernel.a(timeslicing.c.obj)
                0x0000000008002978                z_time_slice
 .text.first    0x00000000080029d4       0x10 zephyr/kernel/libkernel.a(timeout.c.obj)
 .text.elapsed  0x00000000080029e4       0x14 zephyr/kernel/libkernel.a(timeout.c.obj)
 .text.remove_timeout
                0x00000000080029f8       0x38 zephyr/kernel/libkernel.a(timeout.c.obj)
 .text.z_add_timeout
                0x0000000008002a30      0x120 zephyr/kernel/libkernel.a(timeout.c.obj)
                0x0000000008002a30                z_add_timeout
 .text.sys_clock_announce
                0x0000000008002b50       0xc0 zephyr/kernel/libkernel.a(timeout.c.obj)
                0x0000000008002b50                sys_clock_announce
 .text.sys_clock_tick_get
                0x0000000008002c10       0x30 zephyr/kernel/libkernel.a(timeout.c.obj)
                0x0000000008002c10                sys_clock_tick_get
 .text.boot_banner
                0x0000000008002c40        0xc zephyr/kernel/libkernel.a(banner.c.obj)
                0x0000000008002c40                boot_banner
 .text.__l_vfprintf
                0x0000000008002c4c      0x4b8 c:\users\user\zephyr-sdk-0.17.4\arm-zephyr-eabi\bin\../lib/gcc/../../picolibc/arm-zephyr-eabi/lib/thumb/v7e-m/nofp\libc.a(libc_tinystdio_vflprintf.c.o)
                0x0000000008002c4c                __l_vfprintf
 .text._OffsetAbsSyms
                0x0000000008003104        0x2 zephyr/CMakeFiles/offsets.dir/./arch/arm/core/offsets/offsets.c.obj
                0x0000000008003104                _OffsetAbsSyms
 .text.k_msleep.isra.0
                0x0000000008003106        0xa app/libapp.a(at24_eeprom.c.obj)
 .text.i2c_write_read.constprop.0
                0x0000000008003110       0x34 app/libapp.a(at24_eeprom.c.obj)
 .text.eepromFullErase
                0x0000000008003144       0x76 app/libapp.a(at24_eeprom.c.obj)
                0x0000000008003144                eepromFullErase
 .text.chunk_size
                0x00000000080031ba        0xa zephyr/libzephyr.a(heap.c.obj)
 .text.free_list_add
                0x00000000080031c4       0x4e zephyr/libzephyr.a(heap.c.obj)
 .text.sys_heap_init
                0x0000000008003212       0x7a zephyr/libzephyr.a(heap.c.obj)
                0x0000000008003212                sys_heap_init
 .text.arch_printk_char_out
                0x000000000800328c        0x4 zephyr/libzephyr.a(printk.c.obj)
                0x000000000800328c                arch_printk_char_out
 .text.printk   0x0000000008003290       0x1a zephyr/libzephyr.a(printk.c.obj)
                0x0000000008003290                printk
 .text._ConfigAbsSyms
                0x00000000080032aa        0x2 zephyr/libzephyr.a(configs.c.obj)
                0x00000000080032aa                _ConfigAbsSyms
 .text.arch_early_memset
                0x00000000080032ac        0x4 zephyr/arch/common/libarch__common.a(init.c.obj)
                0x00000000080032ac                arch_early_memset
 .text.arch_early_memcpy
                0x00000000080032b0        0x4 zephyr/arch/common/libarch__common.a(init.c.obj)
                0x00000000080032b0                arch_early_memcpy
 .text.z_do_kernel_oops
                0x00000000080032b4        0x8 zephyr/arch/arch/arm/core/libarch__arm__core.a(fatal.c.obj)
                0x00000000080032b4                z_do_kernel_oops
 .text.z_arm_nmi
                0x00000000080032bc        0xe zephyr/arch/arch/arm/core/libarch__arm__core.a(nmi.c.obj)
                0x00000000080032bc                z_arm_nmi
 .text.z_irq_spurious
                0x00000000080032ca        0x8 zephyr/arch/arch/arm/core/cortex_m/libarch__arm__core__cortex_m.a(irq_manage.c.obj)
                0x00000000080032ca                z_irq_spurious
 .text.arch_coprocessors_disable
                0x00000000080032d2        0x6 zephyr/arch/arch/arm/core/cortex_m/libarch__arm__core__cortex_m.a(thread.c.obj)
                0x00000000080032d2                arch_coprocessors_disable
 .text.arch_irq_unlock_outlined
                0x00000000080032d8        0xe zephyr/arch/arch/arm/core/cortex_m/libarch__arm__core__cortex_m.a(thread.c.obj)
                0x00000000080032d8                arch_irq_unlock_outlined
 .text.arch_cpu_idle
                0x00000000080032e6       0x1a zephyr/arch/arch/arm/core/cortex_m/libarch__arm__core__cortex_m.a(cpu_idle.c.obj)
                0x00000000080032e6                arch_cpu_idle
 .text.size_to_mpu_rasr_size
                0x0000000008003300       0x20 zephyr/arch/arch/arm/core/mpu/libarch__arm__core__mpu.a(arm_mpu.c.obj)
 .text.picolibc_put
                0x0000000008003320        0xa zephyr/lib/libc/picolibc/liblib__libc__picolibc.a(stdio.c.obj)
 .text.stm32_exti_gpio_intc_init
                0x000000000800332a       0x92 zephyr/drivers/interrupt_controller/libdrivers__interrupt_controller.a(intc_gpio_stm32.c.obj)
 .text.stm32_gpio_intc_get_pin_irq_line
                0x00000000080033bc        0xa zephyr/drivers/interrupt_controller/libdrivers__interrupt_controller.a(intc_gpio_stm32.c.obj)
                0x00000000080033bc                stm32_gpio_intc_get_pin_irq_line
 .text.stm32_exti_set_line_src_port
                0x00000000080033c6       0x36 zephyr/drivers/interrupt_controller/libdrivers__interrupt_controller.a(intc_gpio_stm32.c.obj)
                0x00000000080033c6                stm32_exti_set_line_src_port
 .text.stm32_clock_control_on
                0x00000000080033fc       0x44 zephyr/drivers/clock_control/libdrivers__clock_control.a(clock_stm32_ll_common.c.obj)
 .text.stm32_clock_control_off
                0x0000000008003440       0x2c zephyr/drivers/clock_control/libdrivers__clock_control.a(clock_stm32_ll_common.c.obj)
 .text.stm32_clock_control_configure
                0x000000000800346c       0x44 zephyr/drivers/clock_control/libdrivers__clock_control.a(clock_stm32_ll_common.c.obj)
 .text.stm32_clock_control_get_status
                0x00000000080034b0       0x38 zephyr/drivers/clock_control/libdrivers__clock_control.a(clock_stm32_ll_common.c.obj)
 .text.config_regulator_voltage
                0x00000000080034e8        0x2 zephyr/drivers/clock_control/libdrivers__clock_control.a(clock_stm32_ll_common.c.obj)
                0x00000000080034e8                config_regulator_voltage
 .text.gpio_stm32_port_get_raw
                0x00000000080034ea        0xc zephyr/drivers/gpio/libdrivers__gpio.a(gpio_stm32.c.obj)
 .text.gpio_stm32_port_set_masked_raw
                0x00000000080034f6       0x12 zephyr/drivers/gpio/libdrivers__gpio.a(gpio_stm32.c.obj)
 .text.gpio_stm32_port_set_bits_raw
                0x0000000008003508        0xa zephyr/drivers/gpio/libdrivers__gpio.a(gpio_stm32.c.obj)
 .text.gpio_stm32_port_clear_bits_raw
                0x0000000008003512        0xc zephyr/drivers/gpio/libdrivers__gpio.a(gpio_stm32.c.obj)
 .text.gpio_stm32_port_toggle_bits
                0x000000000800351e        0xe zephyr/drivers/gpio/libdrivers__gpio.a(gpio_stm32.c.obj)
 .text.gpio_stm32_manage_callback
                0x000000000800352c       0x52 zephyr/drivers/gpio/libdrivers__gpio.a(gpio_stm32.c.obj)
 .text.gpio_stm32_configure_raw.isra.0
                0x000000000800357e      0x106 zephyr/drivers/gpio/libdrivers__gpio.a(gpio_stm32.c.obj)
 .text.gpio_stm32_config
                0x0000000008003684       0xd8 zephyr/drivers/gpio/libdrivers__gpio.a(gpio_stm32.c.obj)
 .text.gpio_stm32_isr
                0x000000000800375c       0x2c zephyr/drivers/gpio/libdrivers__gpio.a(gpio_stm32.c.obj)
 .text.gpio_stm32_configure
                0x0000000008003788       0x30 zephyr/drivers/gpio/libdrivers__gpio.a(gpio_stm32.c.obj)
                0x0000000008003788                gpio_stm32_configure
 .text.i2c_stm32_get_config
                0x00000000080037b8       0x16 zephyr/drivers/i2c/libdrivers__i2c.a(i2c_stm32.c.obj)
                0x00000000080037b8                i2c_stm32_get_config
 .text.i2c_stm32_irq_config_func_0
                0x00000000080037ce       0x26 zephyr/drivers/i2c/libdrivers__i2c.a(i2c_stm32.c.obj)
 .text.i2c_stm32_transfer
                0x00000000080037f4       0x8e zephyr/drivers/i2c/libdrivers__i2c.a(i2c_stm32.c.obj)
 .text.i2c_stm32_set_smbus_mode
                0x0000000008003882       0x16 zephyr/drivers/i2c/libdrivers__i2c.a(i2c_stm32.c.obj)
                0x0000000008003882                i2c_stm32_set_smbus_mode
 .text.i2c_stm32_event_isr
                0x0000000008003898        0x4 zephyr/drivers/i2c/libdrivers__i2c.a(i2c_stm32_common.c.obj)
                0x0000000008003898                i2c_stm32_event_isr
 .text.i2c_stm32_error_isr
                0x000000000800389c        0x4 zephyr/drivers/i2c/libdrivers__i2c.a(i2c_stm32_common.c.obj)
                0x000000000800389c                i2c_stm32_error_isr
 .text.i2c_stm32_disable_transfer_interrupts
                0x00000000080038a0       0x36 zephyr/drivers/i2c/libdrivers__i2c.a(i2c_stm32_v1.c.obj)
 .text.i2c_stm32_reset
                0x00000000080038d6       0x4c zephyr/drivers/i2c/libdrivers__i2c.a(i2c_stm32_v1.c.obj)
 .text.i2c_stm32_controller_finish
                0x0000000008003922       0x1c zephyr/drivers/i2c/libdrivers__i2c.a(i2c_stm32_v1.c.obj)
 .text.handle_txe
                0x000000000800393e       0x4a zephyr/drivers/i2c/libdrivers__i2c.a(i2c_stm32_v1.c.obj)
 .text.msg_end.constprop.0
                0x0000000008003988       0x42 zephyr/drivers/i2c/libdrivers__i2c.a(i2c_stm32_v1.c.obj)
 .text.i2c_stm32_enable_transfer_interrupts.isra.0
                0x00000000080039ca       0x1c zephyr/drivers/i2c/libdrivers__i2c.a(i2c_stm32_v1.c.obj)
 .text.msg_init.constprop.0
                0x00000000080039e6       0x72 zephyr/drivers/i2c/libdrivers__i2c.a(i2c_stm32_v1.c.obj)
 .text.handle_rxne
                0x0000000008003a58       0x9c zephyr/drivers/i2c/libdrivers__i2c.a(i2c_stm32_v1.c.obj)
 .text.i2c_stm32_event
                0x0000000008003af4      0x19c zephyr/drivers/i2c/libdrivers__i2c.a(i2c_stm32_v1.c.obj)
                0x0000000008003af4                i2c_stm32_event
 .text.i2c_stm32_error
                0x0000000008003c90       0x6a zephyr/drivers/i2c/libdrivers__i2c.a(i2c_stm32_v1.c.obj)
                0x0000000008003c90                i2c_stm32_error
 .text.i2c_stm32_transaction
                0x0000000008003cfa       0x74 zephyr/drivers/i2c/libdrivers__i2c.a(i2c_stm32_v1.c.obj)
                0x0000000008003cfa                i2c_stm32_transaction
 .text.pinctrl_lookup_state
                0x0000000008003d6e       0x26 zephyr/drivers/pinctrl/libdrivers__pinctrl.a(common.c.obj)
                0x0000000008003d6e                pinctrl_lookup_state
 .text.reset_stm32_status
                0x0000000008003d94       0x20 zephyr/drivers/reset/libdrivers__reset.a(reset_stm32.c.obj)
 .text.reset_stm32_line_assert
                0x0000000008003db4       0x1c zephyr/drivers/reset/libdrivers__reset.a(reset_stm32.c.obj)
 .text.reset_stm32_line_deassert
                0x0000000008003dd0       0x1e zephyr/drivers/reset/libdrivers__reset.a(reset_stm32.c.obj)
 .text.reset_stm32_line_toggle
                0x0000000008003dee       0x16 zephyr/drivers/reset/libdrivers__reset.a(reset_stm32.c.obj)
 .text.LL_USART_ClearFlag_PE
                0x0000000008003e04       0x12 zephyr/drivers/serial/libdrivers__serial.a(uart_stm32.c.obj)
 .text.uart_stm32_err_check
                0x0000000008003e16       0x5e zephyr/drivers/serial/libdrivers__serial.a(uart_stm32.c.obj)
 .text.uart_stm32_set_baudrate.isra.0
                0x0000000008003e74       0x64 zephyr/drivers/serial/libdrivers__serial.a(uart_stm32.c.obj)
 .text.uart_stm32_poll_out
                0x0000000008003ed8       0x36 zephyr/drivers/serial/libdrivers__serial.a(uart_stm32.c.obj)
 .text.uart_stm32_poll_in
                0x0000000008003f0e       0x22 zephyr/drivers/serial/libdrivers__serial.a(uart_stm32.c.obj)
 .text.uart_stm32_init
                0x0000000008003f30       0xaa zephyr/drivers/serial/libdrivers__serial.a(uart_stm32.c.obj)
 .text.uart_stm32_config_get
                0x0000000008003fda       0x8e zephyr/drivers/serial/libdrivers__serial.a(uart_stm32.c.obj)
 .text.do_device_init
                0x0000000008004068       0x30 zephyr/kernel/libkernel.a(device.c.obj)
                0x0000000008004068                do_device_init
 .text.z_impl_device_is_ready
                0x0000000008004098       0x16 zephyr/kernel/libkernel.a(device.c.obj)
                0x0000000008004098                z_impl_device_is_ready
 .text.arch_system_halt
                0x00000000080040ae       0x10 zephyr/kernel/libkernel.a(fatal.c.obj)
                0x00000000080040ae                arch_system_halt
 .text.k_sys_fatal_error_handler
                0x00000000080040be        0x6 zephyr/kernel/libkernel.a(fatal.c.obj)
                0x00000000080040be                k_sys_fatal_error_handler
 .text.idle     0x00000000080040c4       0x16 zephyr/kernel/libkernel.a(idle.c.obj)
                0x00000000080040c4                idle
 .text.z_impl_k_sem_init
                0x00000000080040da       0x18 zephyr/kernel/libkernel.a(sem.c.obj)
                0x00000000080040da                z_impl_k_sem_init
 .text.sys_dlist_remove
                0x00000000080040f2       0x10 zephyr/kernel/libkernel.a(sched.c.obj)
 .text.unpend_thread_no_timeout
                0x0000000008004102       0x14 zephyr/kernel/libkernel.a(sched.c.obj)
 .text.add_to_waitq_locked
                0x0000000008004116       0x50 zephyr/kernel/libkernel.a(sched.c.obj)
 .text.z_ready_thread
                0x0000000008004166       0x1e zephyr/kernel/libkernel.a(sched.c.obj)
                0x0000000008004166                z_ready_thread
 .text.z_sched_wake_thread_locked
                0x0000000008004184       0x28 zephyr/kernel/libkernel.a(sched.c.obj)
                0x0000000008004184                z_sched_wake_thread_locked
 .text.z_thread_timeout
                0x00000000080041ac       0x20 zephyr/kernel/libkernel.a(sched.c.obj)
                0x00000000080041ac                z_thread_timeout
 .text.z_impl_k_sleep
                0x00000000080041cc       0x3e zephyr/kernel/libkernel.a(sched.c.obj)
                0x00000000080041cc                z_impl_k_sleep
 .text.next_timeout
                0x000000000800420a       0x2e zephyr/kernel/libkernel.a(timeout.c.obj)
 .text.z_abort_timeout
                0x0000000008004238       0x50 zephyr/kernel/libkernel.a(timeout.c.obj)
                0x0000000008004238                z_abort_timeout
 .text.sys_clock_tick_get_32
                0x0000000008004288        0x8 zephyr/kernel/libkernel.a(timeout.c.obj)
                0x0000000008004288                sys_clock_tick_get_32
 .text.memcpy   0x0000000008004290       0x1c c:\users\user\zephyr-sdk-0.17.4\arm-zephyr-eabi\bin\../lib/gcc/../../picolibc/arm-zephyr-eabi/lib/thumb/v7e-m/nofp\libc.a(memcpy.c.o)
                0x0000000008004290                __aeabi_memcpy
                0x0000000008004290                __aeabi_memcpy4
                0x0000000008004290                __aeabi_memcpy8
                0x0000000008004290                memcpy
 .text.memset   0x00000000080042ac       0x10 c:\users\user\zephyr-sdk-0.17.4\arm-zephyr-eabi\bin\../lib/gcc/../../picolibc/arm-zephyr-eabi/lib/thumb/v7e-m/nofp\libc.a(memset.c.o)
                0x00000000080042ac                memset
 .text.strnlen  0x00000000080042bc       0x18 c:\users\user\zephyr-sdk-0.17.4\arm-zephyr-eabi\bin\../lib/gcc/../../picolibc/arm-zephyr-eabi/lib/thumb/v7e-m/nofp\libc.a(libc_string_strnlen.c.o)
                0x00000000080042bc                strnlen
 .text.__ultoa_invert
                0x00000000080042d4       0xae c:\users\user\zephyr-sdk-0.17.4\arm-zephyr-eabi\bin\../lib/gcc/../../picolibc/arm-zephyr-eabi/lib/thumb/v7e-m/nofp\libc.a(libc_tinystdio_vflprintf.c.o)
 *(SORT_BY_ALIGNMENT(.gnu.linkonce.t.*))
 *(SORT_BY_ALIGNMENT(.glue_7t))
 .glue_7t       0x0000000008004382        0x0 linker stubs
 *(SORT_BY_ALIGNMENT(.glue_7))
 .glue_7        0x0000000008004382        0x0 linker stubs
 *(SORT_BY_ALIGNMENT(.vfp11_veneer))
 .vfp11_veneer  0x0000000008004382        0x0 linker stubs
 *(SORT_BY_ALIGNMENT(.v4_bx))
 .v4_bx         0x0000000008004382        0x0 linker stubs
                0x0000000008004384                . = ALIGN (0x4)
 *fill*         0x0000000008004382        0x2 
                0x0000000008004384                __text_region_end = .

.ARM.exidx      0x0000000008004384        0x8
                0x0000000008004384                __exidx_start = .
 *(SORT_BY_ALIGNMENT(.ARM.exidx*) SORT_BY_ALIGNMENT(gnu.linkonce.armexidx.*))
 .ARM.exidx     0x0000000008004384        0x8 c:/users/user/zephyr-sdk-0.17.4/arm-zephyr-eabi/bin/../lib/gcc/arm-zephyr-eabi/12.2.0/thumb/v7e-m/nofp\libgcc.a(_udivmoddi4.o)
                0x000000000800438c                __exidx_end = .
                0x000000000800438c                __rodata_region_start = .

initlevel       0x000000000800438c       0x98
                0x000000000800438c                __init_start = .
                0x000000000800438c                __init_EARLY_start = .
 *(SORT_BY_NAME(SORT_BY_ALIGNMENT(.z_init_EARLY_P_?_*)))
 *(SORT_BY_NAME(SORT_BY_ALIGNMENT(.z_init_EARLY_P_??_*)))
 *(SORT_BY_NAME(SORT_BY_ALIGNMENT(.z_init_EARLY_P_???_*)))
                0x000000000800438c                __init_PRE_KERNEL_1_start = .
 *(SORT_BY_NAME(SORT_BY_ALIGNMENT(.z_init_PRE_KERNEL_1_P_?_*)))
 .z_init_PRE_KERNEL_1_P_1_SUB_00008_
                0x000000000800438c        0x8 zephyr/drivers/clock_control/libdrivers__clock_control.a(clock_stm32_ll_common.c.obj)
 .z_init_PRE_KERNEL_1_P_1_SUB_0_
                0x0000000008004394        0x8 zephyr/libzephyr.a(soc_config.c.obj)
 *(SORT_BY_NAME(SORT_BY_ALIGNMENT(.z_init_PRE_KERNEL_1_P_??_*)))
 .z_init_PRE_KERNEL_1_P_35_SUB_00054_
                0x000000000800439c        0x8 zephyr/drivers/reset/libdrivers__reset.a(reset_stm32.c.obj)
 .z_init_PRE_KERNEL_1_P_40_SUB_00040_
                0x00000000080043a4        0x8 zephyr/drivers/gpio/libdrivers__gpio.a(gpio_stm32.c.obj)
 .z_init_PRE_KERNEL_1_P_40_SUB_00043_
                0x00000000080043ac        0x8 zephyr/drivers/gpio/libdrivers__gpio.a(gpio_stm32.c.obj)
 .z_init_PRE_KERNEL_1_P_40_SUB_00083_
                0x00000000080043b4        0x8 zephyr/drivers/interrupt_controller/libdrivers__interrupt_controller.a(intc_exti_stm32.c.obj)
 .z_init_PRE_KERNEL_1_P_40_SUB_00115_
                0x00000000080043bc        0x8 zephyr/drivers/gpio/libdrivers__gpio.a(gpio_stm32.c.obj)
 .z_init_PRE_KERNEL_1_P_40_SUB_00116_
                0x00000000080043c4        0x8 zephyr/drivers/gpio/libdrivers__gpio.a(gpio_stm32.c.obj)
 .z_init_PRE_KERNEL_1_P_40_SUB_00117_
                0x00000000080043cc        0x8 zephyr/drivers/gpio/libdrivers__gpio.a(gpio_stm32.c.obj)
 .z_init_PRE_KERNEL_1_P_40_SUB_00118_
                0x00000000080043d4        0x8 zephyr/drivers/gpio/libdrivers__gpio.a(gpio_stm32.c.obj)
 .z_init_PRE_KERNEL_1_P_40_SUB_00119_
                0x00000000080043dc        0x8 zephyr/drivers/gpio/libdrivers__gpio.a(gpio_stm32.c.obj)
 .z_init_PRE_KERNEL_1_P_40_SUB_00120_
                0x00000000080043e4        0x8 zephyr/drivers/gpio/libdrivers__gpio.a(gpio_stm32.c.obj)
 .z_init_PRE_KERNEL_1_P_40_SUB_00121_
                0x00000000080043ec        0x8 zephyr/drivers/gpio/libdrivers__gpio.a(gpio_stm32.c.obj)
 .z_init_PRE_KERNEL_1_P_40_SUB_0_
                0x00000000080043f4        0x8 zephyr/drivers/interrupt_controller/libdrivers__interrupt_controller.a(intc_gpio_stm32.c.obj)
 .z_init_PRE_KERNEL_1_P_50_SUB_00089_
                0x00000000080043fc        0x8 zephyr/drivers/serial/libdrivers__serial.a(uart_stm32.c.obj)
 .z_init_PRE_KERNEL_1_P_60_SUB_0_
                0x0000000008004404        0x8 zephyr/drivers/console/libdrivers__console.a(uart_console.c.obj)
 *(SORT_BY_NAME(SORT_BY_ALIGNMENT(.z_init_PRE_KERNEL_1_P_???_*)))
                0x000000000800440c                __init_PRE_KERNEL_2_start = .
 *(SORT_BY_NAME(SORT_BY_ALIGNMENT(.z_init_PRE_KERNEL_2_P_?_*)))
 .z_init_PRE_KERNEL_2_P_0_SUB_0_
                0x000000000800440c        0x8 zephyr/drivers/timer/libdrivers__timer.a(cortex_m_systick.c.obj)
 *(SORT_BY_NAME(SORT_BY_ALIGNMENT(.z_init_PRE_KERNEL_2_P_??_*)))
 *(SORT_BY_NAME(SORT_BY_ALIGNMENT(.z_init_PRE_KERNEL_2_P_???_*)))
                0x0000000008004414                __init_POST_KERNEL_start = .
 *(SORT_BY_NAME(SORT_BY_ALIGNMENT(.z_init_POST_KERNEL_P_?_*)))
 *(SORT_BY_NAME(SORT_BY_ALIGNMENT(.z_init_POST_KERNEL_P_??_*)))
 .z_init_POST_KERNEL_P_35_SUB_0_
                0x0000000008004414        0x8 zephyr/lib/libc/common/liblib__libc__common.a(malloc.c.obj)
 .z_init_POST_KERNEL_P_50_SUB_00023_
                0x000000000800441c        0x8 zephyr/drivers/i2c/libdrivers__i2c.a(i2c_stm32.c.obj)
 *(SORT_BY_NAME(SORT_BY_ALIGNMENT(.z_init_POST_KERNEL_P_???_*)))
                0x0000000008004424                __init_APPLICATION_start = .
 *(SORT_BY_NAME(SORT_BY_ALIGNMENT(.z_init_APPLICATION_P_?_*)))
 *(SORT_BY_NAME(SORT_BY_ALIGNMENT(.z_init_APPLICATION_P_??_*)))
 *(SORT_BY_NAME(SORT_BY_ALIGNMENT(.z_init_APPLICATION_P_???_*)))
                0x0000000008004424                __init_SMP_start = .
 *(SORT_BY_NAME(SORT_BY_ALIGNMENT(.z_init_SMP_P_?_*)))
 *(SORT_BY_NAME(SORT_BY_ALIGNMENT(.z_init_SMP_P_??_*)))
 *(SORT_BY_NAME(SORT_BY_ALIGNMENT(.z_init_SMP_P_???_*)))
                0x0000000008004424                __init_end = .

device_area     0x0000000008004424      0x188
                0x0000000008004424                _device_list_start = .
 *(SORT_BY_NAME(SORT_BY_ALIGNMENT(._device.static.*_?_*)))
 ._device.static.1_1_
                0x0000000008004424       0x1c zephyr/drivers/clock_control/libdrivers__clock_control.a(clock_stm32_ll_common.c.obj)
                0x0000000008004424                __device_dts_ord_8
 *(SORT_BY_NAME(SORT_BY_ALIGNMENT(._device.static.*_??_*)))
 ._device.static.1_35_
                0x0000000008004440       0x1c zephyr/drivers/reset/libdrivers__reset.a(reset_stm32.c.obj)
                0x0000000008004440                __device_dts_ord_54
 ._device.static.1_40_
                0x000000000800445c       0x1c zephyr/drivers/interrupt_controller/libdrivers__interrupt_controller.a(intc_exti_stm32.c.obj)
                0x000000000800445c                __device_dts_ord_83
 ._device.static.1_40_
                0x0000000008004478       0xfc zephyr/drivers/gpio/libdrivers__gpio.a(gpio_stm32.c.obj)
                0x0000000008004478                __device_dts_ord_121
                0x0000000008004494                __device_dts_ord_120
                0x00000000080044b0                __device_dts_ord_119
                0x00000000080044cc                __device_dts_ord_118
                0x00000000080044e8                __device_dts_ord_117
                0x0000000008004504                __device_dts_ord_43
                0x0000000008004520                __device_dts_ord_116
                0x000000000800453c                __device_dts_ord_115
                0x0000000008004558                __device_dts_ord_40
 ._device.static.1_50_
                0x0000000008004574       0x1c zephyr/drivers/serial/libdrivers__serial.a(uart_stm32.c.obj)
                0x0000000008004574                __device_dts_ord_89
 ._device.static.3_50_
                0x0000000008004590       0x1c zephyr/drivers/i2c/libdrivers__i2c.a(i2c_stm32.c.obj)
                0x0000000008004590                __device_dts_ord_23
 *(SORT_BY_NAME(SORT_BY_ALIGNMENT(._device.static.*_???_*)))
 *(SORT_BY_NAME(SORT_BY_ALIGNMENT(._device.static.*_????_*)))
 *(SORT_BY_NAME(SORT_BY_ALIGNMENT(._device.static.*_?????_*)))
                0x00000000080045ac                _device_list_end = .

sw_isr_table    0x00000000080045ac      0x290
                0x00000000080045ac                . = ALIGN (0x4)
 *(SORT_BY_ALIGNMENT(.gnu.linkonce.sw_isr_table*))
 .gnu.linkonce.sw_isr_table
                0x00000000080045ac      0x290 zephyr/CMakeFiles/zephyr_final.dir/isr_tables.c.obj
                0x00000000080045ac                _sw_isr_table

initlevel_error
                0x000000000800438c        0x0
 *(SORT_BY_NAME(SORT_BY_ALIGNMENT(.z_init_*)))
                0x0000000000000001                ASSERT ((SIZEOF (initlevel_error) == 0x0), Undefined initialization levels used.)

app_shmem_regions
                0x000000000800483c        0x0
                0x000000000800483c                __app_shmem_regions_start = .
 *(SORT_BY_NAME(SORT_BY_ALIGNMENT(.app_regions.*)))
                0x000000000800483c                __app_shmem_regions_end = .

k_p4wq_initparam_area
                0x000000000800483c        0x0
                0x000000000800483c                _k_p4wq_initparam_list_start = .
 *(SORT_BY_NAME(SORT_BY_ALIGNMENT(._k_p4wq_initparam.static.*)))
                0x000000000800483c                _k_p4wq_initparam_list_end = .

_static_thread_data_area
                0x000000000800483c        0x0
                0x000000000800483c                __static_thread_data_list_start = .
 *(SORT_BY_NAME(SORT_BY_ALIGNMENT(.__static_thread_data.static.*)))
                0x000000000800483c                __static_thread_data_list_end = .

device_deps     0x000000000800483c        0x0
                0x000000000800483c                __device_deps_start = .
 *(SORT_BY_NAME(SORT_BY_ALIGNMENT(.__device_deps_pass2*)))
                0x000000000800483c                __device_deps_end = .

gpio_driver_api_area
                0x000000000800483c       0x24
                0x000000000800483c                _gpio_driver_api_list_start = .
 *(SORT_BY_NAME(SORT_BY_ALIGNMENT(._gpio_driver_api.static.*)))
 ._gpio_driver_api.static.gpio_stm32_driver_
                0x000000000800483c       0x24 zephyr/drivers/gpio/libdrivers__gpio.a(gpio_stm32.c.obj)
                0x0000000008004860                _gpio_driver_api_list_end = .

i2c_driver_api_area
                0x0000000008004860       0x18
                0x0000000008004860                _i2c_driver_api_list_start = .
 *(SORT_BY_NAME(SORT_BY_ALIGNMENT(._i2c_driver_api.static.*)))
 ._i2c_driver_api.static.api_funcs_
                0x0000000008004860       0x18 zephyr/drivers/i2c/libdrivers__i2c.a(i2c_stm32.c.obj)
                0x0000000008004878                _i2c_driver_api_list_end = .

i2c_target_driver_api_area
                0x0000000008004878        0x0
                0x0000000008004878                _i2c_target_driver_api_list_start = .
 *(SORT_BY_NAME(SORT_BY_ALIGNMENT(._i2c_target_driver_api.static.*)))
                0x0000000008004878                _i2c_target_driver_api_list_end = .

reset_driver_api_area
                0x0000000008004878       0x10
                0x0000000008004878                _reset_driver_api_list_start = .
 *(SORT_BY_NAME(SORT_BY_ALIGNMENT(._reset_driver_api.static.*)))
 ._reset_driver_api.static.reset_stm32_driver_api_
                0x0000000008004878       0x10 zephyr/drivers/reset/libdrivers__reset.a(reset_stm32.c.obj)
                0x0000000008004888                _reset_driver_api_list_end = .

shared_irq_driver_api_area
                0x0000000008004888        0x0
                0x0000000008004888                _shared_irq_driver_api_list_start = .
 *(SORT_BY_NAME(SORT_BY_ALIGNMENT(._shared_irq_driver_api.static.*)))
                0x0000000008004888                _shared_irq_driver_api_list_end = .

crypto_driver_api_area
                0x0000000008004888        0x0
                0x0000000008004888                _crypto_driver_api_list_start = .
 *(SORT_BY_NAME(SORT_BY_ALIGNMENT(._crypto_driver_api.static.*)))
                0x0000000008004888                _crypto_driver_api_list_end = .

adc_driver_api_area
                0x0000000008004888        0x0
                0x0000000008004888                _adc_driver_api_list_start = .
 *(SORT_BY_NAME(SORT_BY_ALIGNMENT(._adc_driver_api.static.*)))
                0x0000000008004888                _adc_driver_api_list_end = .

auxdisplay_driver_api_area
                0x0000000008004888        0x0
                0x0000000008004888                _auxdisplay_driver_api_list_start = .
 *(SORT_BY_NAME(SORT_BY_ALIGNMENT(._auxdisplay_driver_api.static.*)))
                0x0000000008004888                _auxdisplay_driver_api_list_end = .

bbram_driver_api_area
                0x0000000008004888        0x0
                0x0000000008004888                _bbram_driver_api_list_start = .
 *(SORT_BY_NAME(SORT_BY_ALIGNMENT(._bbram_driver_api.static.*)))
                0x0000000008004888                _bbram_driver_api_list_end = .

biometric_driver_api_area
                0x0000000008004888        0x0
                0x0000000008004888                _biometric_driver_api_list_start = .
 *(SORT_BY_NAME(SORT_BY_ALIGNMENT(._biometric_driver_api.static.*)))
                0x0000000008004888                _biometric_driver_api_list_end = .

bt_hci_driver_api_area
                0x0000000008004888        0x0
                0x0000000008004888                _bt_hci_driver_api_list_start = .
 *(SORT_BY_NAME(SORT_BY_ALIGNMENT(._bt_hci_driver_api.static.*)))
                0x0000000008004888                _bt_hci_driver_api_list_end = .

can_driver_api_area
                0x0000000008004888        0x0
                0x0000000008004888                _can_driver_api_list_start = .
 *(SORT_BY_NAME(SORT_BY_ALIGNMENT(._can_driver_api.static.*)))
                0x0000000008004888                _can_driver_api_list_end = .

cellular_driver_api_area
                0x0000000008004888        0x0
                0x0000000008004888                _cellular_driver_api_list_start = .
 *(SORT_BY_NAME(SORT_BY_ALIGNMENT(._cellular_driver_api.static.*)))
                0x0000000008004888                _cellular_driver_api_list_end = .

charger_driver_api_area
                0x0000000008004888        0x0
                0x0000000008004888                _charger_driver_api_list_start = .
 *(SORT_BY_NAME(SORT_BY_ALIGNMENT(._charger_driver_api.static.*)))
                0x0000000008004888                _charger_driver_api_list_end = .

clock_control_driver_api_area
                0x0000000008004888       0x1c
                0x0000000008004888                _clock_control_driver_api_list_start = .
 *(SORT_BY_NAME(SORT_BY_ALIGNMENT(._clock_control_driver_api.static.*)))
 ._clock_control_driver_api.static.stm32_clock_control_api_
                0x0000000008004888       0x1c zephyr/drivers/clock_control/libdrivers__clock_control.a(clock_stm32_ll_common.c.obj)
                0x00000000080048a4                _clock_control_driver_api_list_end = .

comparator_driver_api_area
                0x00000000080048a4        0x0
                0x00000000080048a4                _comparator_driver_api_list_start = .
 *(SORT_BY_NAME(SORT_BY_ALIGNMENT(._comparator_driver_api.static.*)))
                0x00000000080048a4                _comparator_driver_api_list_end = .

coredump_driver_api_area
                0x00000000080048a4        0x0
                0x00000000080048a4                _coredump_driver_api_list_start = .
 *(SORT_BY_NAME(SORT_BY_ALIGNMENT(._coredump_driver_api.static.*)))
                0x00000000080048a4                _coredump_driver_api_list_end = .

counter_driver_api_area
                0x00000000080048a4        0x0
                0x00000000080048a4                _counter_driver_api_list_start = .
 *(SORT_BY_NAME(SORT_BY_ALIGNMENT(._counter_driver_api.static.*)))
                0x00000000080048a4                _counter_driver_api_list_end = .

crc_driver_api_area
                0x00000000080048a4        0x0
                0x00000000080048a4                _crc_driver_api_list_start = .
 *(SORT_BY_NAME(SORT_BY_ALIGNMENT(._crc_driver_api.static.*)))
                0x00000000080048a4                _crc_driver_api_list_end = .

dac_driver_api_area
                0x00000000080048a4        0x0
                0x00000000080048a4                _dac_driver_api_list_start = .
 *(SORT_BY_NAME(SORT_BY_ALIGNMENT(._dac_driver_api.static.*)))
                0x00000000080048a4                _dac_driver_api_list_end = .

dai_driver_api_area
                0x00000000080048a4        0x0
                0x00000000080048a4                _dai_driver_api_list_start = .
 *(SORT_BY_NAME(SORT_BY_ALIGNMENT(._dai_driver_api.static.*)))
                0x00000000080048a4                _dai_driver_api_list_end = .

display_driver_api_area
                0x00000000080048a4        0x0
                0x00000000080048a4                _display_driver_api_list_start = .
 *(SORT_BY_NAME(SORT_BY_ALIGNMENT(._display_driver_api.static.*)))
                0x00000000080048a4                _display_driver_api_list_end = .

dma_driver_api_area
                0x00000000080048a4        0x0
                0x00000000080048a4                _dma_driver_api_list_start = .
 *(SORT_BY_NAME(SORT_BY_ALIGNMENT(._dma_driver_api.static.*)))
                0x00000000080048a4                _dma_driver_api_list_end = .

edac_driver_api_area
                0x00000000080048a4        0x0
                0x00000000080048a4                _edac_driver_api_list_start = .
 *(SORT_BY_NAME(SORT_BY_ALIGNMENT(._edac_driver_api.static.*)))
                0x00000000080048a4                _edac_driver_api_list_end = .

eeprom_driver_api_area
                0x00000000080048a4        0x0
                0x00000000080048a4                _eeprom_driver_api_list_start = .
 *(SORT_BY_NAME(SORT_BY_ALIGNMENT(._eeprom_driver_api.static.*)))
                0x00000000080048a4                _eeprom_driver_api_list_end = .

emul_bbram_driver_api_area
                0x00000000080048a4        0x0
                0x00000000080048a4                _emul_bbram_driver_api_list_start = .
 *(SORT_BY_NAME(SORT_BY_ALIGNMENT(._emul_bbram_driver_api.static.*)))
                0x00000000080048a4                _emul_bbram_driver_api_list_end = .

fuel_gauge_emul_driver_api_area
                0x00000000080048a4        0x0
                0x00000000080048a4                _fuel_gauge_emul_driver_api_list_start = .
 *(SORT_BY_NAME(SORT_BY_ALIGNMENT(._fuel_gauge_emul_driver_api.static.*)))
                0x00000000080048a4                _fuel_gauge_emul_driver_api_list_end = .

emul_sensor_driver_api_area
                0x00000000080048a4        0x0
                0x00000000080048a4                _emul_sensor_driver_api_list_start = .
 *(SORT_BY_NAME(SORT_BY_ALIGNMENT(._emul_sensor_driver_api.static.*)))
                0x00000000080048a4                _emul_sensor_driver_api_list_end = .

entropy_driver_api_area
                0x00000000080048a4        0x0
                0x00000000080048a4                _entropy_driver_api_list_start = .
 *(SORT_BY_NAME(SORT_BY_ALIGNMENT(._entropy_driver_api.static.*)))
                0x00000000080048a4                _entropy_driver_api_list_end = .

espi_driver_api_area
                0x00000000080048a4        0x0
                0x00000000080048a4                _espi_driver_api_list_start = .
 *(SORT_BY_NAME(SORT_BY_ALIGNMENT(._espi_driver_api.static.*)))
                0x00000000080048a4                _espi_driver_api_list_end = .

espi_saf_driver_api_area
                0x00000000080048a4        0x0
                0x00000000080048a4                _espi_saf_driver_api_list_start = .
 *(SORT_BY_NAME(SORT_BY_ALIGNMENT(._espi_saf_driver_api.static.*)))
                0x00000000080048a4                _espi_saf_driver_api_list_end = .

flash_driver_api_area
                0x00000000080048a4        0x0
                0x00000000080048a4                _flash_driver_api_list_start = .
 *(SORT_BY_NAME(SORT_BY_ALIGNMENT(._flash_driver_api.static.*)))
                0x00000000080048a4                _flash_driver_api_list_end = .

fpga_driver_api_area
                0x00000000080048a4        0x0
                0x00000000080048a4                _fpga_driver_api_list_start = .
 *(SORT_BY_NAME(SORT_BY_ALIGNMENT(._fpga_driver_api.static.*)))
                0x00000000080048a4                _fpga_driver_api_list_end = .

fuel_gauge_driver_api_area
                0x00000000080048a4        0x0
                0x00000000080048a4                _fuel_gauge_driver_api_list_start = .
 *(SORT_BY_NAME(SORT_BY_ALIGNMENT(._fuel_gauge_driver_api.static.*)))
                0x00000000080048a4                _fuel_gauge_driver_api_list_end = .

gnss_driver_api_area
                0x00000000080048a4        0x0
                0x00000000080048a4                _gnss_driver_api_list_start = .
 *(SORT_BY_NAME(SORT_BY_ALIGNMENT(._gnss_driver_api.static.*)))
                0x00000000080048a4                _gnss_driver_api_list_end = .

haptics_driver_api_area
                0x00000000080048a4        0x0
                0x00000000080048a4                _haptics_driver_api_list_start = .
 *(SORT_BY_NAME(SORT_BY_ALIGNMENT(._haptics_driver_api.static.*)))
                0x00000000080048a4                _haptics_driver_api_list_end = .

hwspinlock_driver_api_area
                0x00000000080048a4        0x0
                0x00000000080048a4                _hwspinlock_driver_api_list_start = .
 *(SORT_BY_NAME(SORT_BY_ALIGNMENT(._hwspinlock_driver_api.static.*)))
                0x00000000080048a4                _hwspinlock_driver_api_list_end = .

i2s_driver_api_area
                0x00000000080048a4        0x0
                0x00000000080048a4                _i2s_driver_api_list_start = .
 *(SORT_BY_NAME(SORT_BY_ALIGNMENT(._i2s_driver_api.static.*)))
                0x00000000080048a4                _i2s_driver_api_list_end = .

i3c_driver_api_area
                0x00000000080048a4        0x0
                0x00000000080048a4                _i3c_driver_api_list_start = .
 *(SORT_BY_NAME(SORT_BY_ALIGNMENT(._i3c_driver_api.static.*)))
                0x00000000080048a4                _i3c_driver_api_list_end = .

ipm_driver_api_area
                0x00000000080048a4        0x0
                0x00000000080048a4                _ipm_driver_api_list_start = .
 *(SORT_BY_NAME(SORT_BY_ALIGNMENT(._ipm_driver_api.static.*)))
                0x00000000080048a4                _ipm_driver_api_list_end = .

led_driver_api_area
                0x00000000080048a4        0x0
                0x00000000080048a4                _led_driver_api_list_start = .
 *(SORT_BY_NAME(SORT_BY_ALIGNMENT(._led_driver_api.static.*)))
                0x00000000080048a4                _led_driver_api_list_end = .

led_strip_driver_api_area
                0x00000000080048a4        0x0
                0x00000000080048a4                _led_strip_driver_api_list_start = .
 *(SORT_BY_NAME(SORT_BY_ALIGNMENT(._led_strip_driver_api.static.*)))
                0x00000000080048a4                _led_strip_driver_api_list_end = .

lora_driver_api_area
                0x00000000080048a4        0x0
                0x00000000080048a4                _lora_driver_api_list_start = .
 *(SORT_BY_NAME(SORT_BY_ALIGNMENT(._lora_driver_api.static.*)))
                0x00000000080048a4                _lora_driver_api_list_end = .

mbox_driver_api_area
                0x00000000080048a4        0x0
                0x00000000080048a4                _mbox_driver_api_list_start = .
 *(SORT_BY_NAME(SORT_BY_ALIGNMENT(._mbox_driver_api.static.*)))
                0x00000000080048a4                _mbox_driver_api_list_end = .

mdio_driver_api_area
                0x00000000080048a4        0x0
                0x00000000080048a4                _mdio_driver_api_list_start = .
 *(SORT_BY_NAME(SORT_BY_ALIGNMENT(._mdio_driver_api.static.*)))
                0x00000000080048a4                _mdio_driver_api_list_end = .

mipi_dbi_driver_api_area
                0x00000000080048a4        0x0
                0x00000000080048a4                _mipi_dbi_driver_api_list_start = .
 *(SORT_BY_NAME(SORT_BY_ALIGNMENT(._mipi_dbi_driver_api.static.*)))
                0x00000000080048a4                _mipi_dbi_driver_api_list_end = .

mipi_dsi_driver_api_area
                0x00000000080048a4        0x0
                0x00000000080048a4                _mipi_dsi_driver_api_list_start = .
 *(SORT_BY_NAME(SORT_BY_ALIGNMENT(._mipi_dsi_driver_api.static.*)))
                0x00000000080048a4                _mipi_dsi_driver_api_list_end = .

mspi_driver_api_area
                0x00000000080048a4        0x0
                0x00000000080048a4                _mspi_driver_api_list_start = .
 *(SORT_BY_NAME(SORT_BY_ALIGNMENT(._mspi_driver_api.static.*)))
                0x00000000080048a4                _mspi_driver_api_list_end = .

opamp_driver_api_area
                0x00000000080048a4        0x0
                0x00000000080048a4                _opamp_driver_api_list_start = .
 *(SORT_BY_NAME(SORT_BY_ALIGNMENT(._opamp_driver_api.static.*)))
                0x00000000080048a4                _opamp_driver_api_list_end = .

otp_driver_api_area
                0x00000000080048a4        0x0
                0x00000000080048a4                _otp_driver_api_list_start = .
 *(SORT_BY_NAME(SORT_BY_ALIGNMENT(._otp_driver_api.static.*)))
                0x00000000080048a4                _otp_driver_api_list_end = .

peci_driver_api_area
                0x00000000080048a4        0x0
                0x00000000080048a4                _peci_driver_api_list_start = .
 *(SORT_BY_NAME(SORT_BY_ALIGNMENT(._peci_driver_api.static.*)))
                0x00000000080048a4                _peci_driver_api_list_end = .

ps2_driver_api_area
                0x00000000080048a4        0x0
                0x00000000080048a4                _ps2_driver_api_list_start = .
 *(SORT_BY_NAME(SORT_BY_ALIGNMENT(._ps2_driver_api.static.*)))
                0x00000000080048a4                _ps2_driver_api_list_end = .

ptp_clock_driver_api_area
                0x00000000080048a4        0x0
                0x00000000080048a4                _ptp_clock_driver_api_list_start = .
 *(SORT_BY_NAME(SORT_BY_ALIGNMENT(._ptp_clock_driver_api.static.*)))
                0x00000000080048a4                _ptp_clock_driver_api_list_end = .

pwm_driver_api_area
                0x00000000080048a4        0x0
                0x00000000080048a4                _pwm_driver_api_list_start = .
 *(SORT_BY_NAME(SORT_BY_ALIGNMENT(._pwm_driver_api.static.*)))
                0x00000000080048a4                _pwm_driver_api_list_end = .

regulator_parent_driver_api_area
                0x00000000080048a4        0x0
                0x00000000080048a4                _regulator_parent_driver_api_list_start = .
 *(SORT_BY_NAME(SORT_BY_ALIGNMENT(._regulator_parent_driver_api.static.*)))
                0x00000000080048a4                _regulator_parent_driver_api_list_end = .

regulator_driver_api_area
                0x00000000080048a4        0x0
                0x00000000080048a4                _regulator_driver_api_list_start = .
 *(SORT_BY_NAME(SORT_BY_ALIGNMENT(._regulator_driver_api.static.*)))
                0x00000000080048a4                _regulator_driver_api_list_end = .

retained_mem_driver_api_area
                0x00000000080048a4        0x0
                0x00000000080048a4                _retained_mem_driver_api_list_start = .
 *(SORT_BY_NAME(SORT_BY_ALIGNMENT(._retained_mem_driver_api.static.*)))
                0x00000000080048a4                _retained_mem_driver_api_list_end = .

rtc_driver_api_area
                0x00000000080048a4        0x0
                0x00000000080048a4                _rtc_driver_api_list_start = .
 *(SORT_BY_NAME(SORT_BY_ALIGNMENT(._rtc_driver_api.static.*)))
                0x00000000080048a4                _rtc_driver_api_list_end = .

sdhc_driver_api_area
                0x00000000080048a4        0x0
                0x00000000080048a4                _sdhc_driver_api_list_start = .
 *(SORT_BY_NAME(SORT_BY_ALIGNMENT(._sdhc_driver_api.static.*)))
                0x00000000080048a4                _sdhc_driver_api_list_end = .

sensor_driver_api_area
                0x00000000080048a4        0x0
                0x00000000080048a4                _sensor_driver_api_list_start = .
 *(SORT_BY_NAME(SORT_BY_ALIGNMENT(._sensor_driver_api.static.*)))
                0x00000000080048a4                _sensor_driver_api_list_end = .

smbus_driver_api_area
                0x00000000080048a4        0x0
                0x00000000080048a4                _smbus_driver_api_list_start = .
 *(SORT_BY_NAME(SORT_BY_ALIGNMENT(._smbus_driver_api.static.*)))
                0x00000000080048a4                _smbus_driver_api_list_end = .

spi_driver_api_area
                0x00000000080048a4        0x0
                0x00000000080048a4                _spi_driver_api_list_start = .
 *(SORT_BY_NAME(SORT_BY_ALIGNMENT(._spi_driver_api.static.*)))
                0x00000000080048a4                _spi_driver_api_list_end = .

syscon_driver_api_area
                0x00000000080048a4        0x0
                0x00000000080048a4                _syscon_driver_api_list_start = .
 *(SORT_BY_NAME(SORT_BY_ALIGNMENT(._syscon_driver_api.static.*)))
                0x00000000080048a4                _syscon_driver_api_list_end = .

tee_driver_api_area
                0x00000000080048a4        0x0
                0x00000000080048a4                _tee_driver_api_list_start = .
 *(SORT_BY_NAME(SORT_BY_ALIGNMENT(._tee_driver_api.static.*)))
                0x00000000080048a4                _tee_driver_api_list_end = .

uaol_driver_api_area
                0x00000000080048a4        0x0
                0x00000000080048a4                _uaol_driver_api_list_start = .
 *(SORT_BY_NAME(SORT_BY_ALIGNMENT(._uaol_driver_api.static.*)))
                0x00000000080048a4                _uaol_driver_api_list_end = .

video_driver_api_area
                0x00000000080048a4        0x0
                0x00000000080048a4                _video_driver_api_list_start = .
 *(SORT_BY_NAME(SORT_BY_ALIGNMENT(._video_driver_api.static.*)))
                0x00000000080048a4                _video_driver_api_list_end = .

virtio_driver_api_area
                0x00000000080048a4        0x0
                0x00000000080048a4                _virtio_driver_api_list_start = .
 *(SORT_BY_NAME(SORT_BY_ALIGNMENT(._virtio_driver_api.static.*)))
                0x00000000080048a4                _virtio_driver_api_list_end = .

w1_driver_api_area
                0x00000000080048a4        0x0
                0x00000000080048a4                _w1_driver_api_list_start = .
 *(SORT_BY_NAME(SORT_BY_ALIGNMENT(._w1_driver_api.static.*)))
                0x00000000080048a4                _w1_driver_api_list_end = .

wdt_driver_api_area
                0x00000000080048a4        0x0
                0x00000000080048a4                _wdt_driver_api_list_start = .
 *(SORT_BY_NAME(SORT_BY_ALIGNMENT(._wdt_driver_api.static.*)))
                0x00000000080048a4                _wdt_driver_api_list_end = .

can_transceiver_driver_api_area
                0x00000000080048a4        0x0
                0x00000000080048a4                _can_transceiver_driver_api_list_start = .
 *(SORT_BY_NAME(SORT_BY_ALIGNMENT(._can_transceiver_driver_api.static.*)))
                0x00000000080048a4                _can_transceiver_driver_api_list_end = .

nrf_clock_control_driver_api_area
                0x00000000080048a4        0x0
                0x00000000080048a4                _nrf_clock_control_driver_api_list_start = .
 *(SORT_BY_NAME(SORT_BY_ALIGNMENT(._nrf_clock_control_driver_api.static.*)))
                0x00000000080048a4                _nrf_clock_control_driver_api_list_end = .

i3c_target_driver_api_area
                0x00000000080048a4        0x0
                0x00000000080048a4                _i3c_target_driver_api_list_start = .
 *(SORT_BY_NAME(SORT_BY_ALIGNMENT(._i3c_target_driver_api.static.*)))
                0x00000000080048a4                _i3c_target_driver_api_list_end = .

its_driver_api_area
                0x00000000080048a4        0x0
                0x00000000080048a4                _its_driver_api_list_start = .
 *(SORT_BY_NAME(SORT_BY_ALIGNMENT(._its_driver_api.static.*)))
                0x00000000080048a4                _its_driver_api_list_end = .

vtd_driver_api_area
                0x00000000080048a4        0x0
                0x00000000080048a4                _vtd_driver_api_list_start = .
 *(SORT_BY_NAME(SORT_BY_ALIGNMENT(._vtd_driver_api.static.*)))
                0x00000000080048a4                _vtd_driver_api_list_end = .

renesas_elc_driver_api_area
                0x00000000080048a4        0x0
                0x00000000080048a4                _renesas_elc_driver_api_list_start = .
 *(SORT_BY_NAME(SORT_BY_ALIGNMENT(._renesas_elc_driver_api.static.*)))
                0x00000000080048a4                _renesas_elc_driver_api_list_end = .

tgpio_driver_api_area
                0x00000000080048a4        0x0
                0x00000000080048a4                _tgpio_driver_api_list_start = .
 *(SORT_BY_NAME(SORT_BY_ALIGNMENT(._tgpio_driver_api.static.*)))
                0x00000000080048a4                _tgpio_driver_api_list_end = .

pcie_ctrl_driver_api_area
                0x00000000080048a4        0x0
                0x00000000080048a4                _pcie_ctrl_driver_api_list_start = .
 *(SORT_BY_NAME(SORT_BY_ALIGNMENT(._pcie_ctrl_driver_api.static.*)))
                0x00000000080048a4                _pcie_ctrl_driver_api_list_end = .

pcie_ep_driver_api_area
                0x00000000080048a4        0x0
                0x00000000080048a4                _pcie_ep_driver_api_list_start = .
 *(SORT_BY_NAME(SORT_BY_ALIGNMENT(._pcie_ep_driver_api.static.*)))
                0x00000000080048a4                _pcie_ep_driver_api_list_end = .

psi5_driver_api_area
                0x00000000080048a4        0x0
                0x00000000080048a4                _psi5_driver_api_list_start = .
 *(SORT_BY_NAME(SORT_BY_ALIGNMENT(._psi5_driver_api.static.*)))
                0x00000000080048a4                _psi5_driver_api_list_end = .

sent_driver_api_area
                0x00000000080048a4        0x0
                0x00000000080048a4                _sent_driver_api_list_start = .
 *(SORT_BY_NAME(SORT_BY_ALIGNMENT(._sent_driver_api.static.*)))
                0x00000000080048a4                _sent_driver_api_list_end = .

svc_driver_api_area
                0x00000000080048a4        0x0
                0x00000000080048a4                _svc_driver_api_list_start = .
 *(SORT_BY_NAME(SORT_BY_ALIGNMENT(._svc_driver_api.static.*)))
                0x00000000080048a4                _svc_driver_api_list_end = .

stepper_driver_api_area
                0x00000000080048a4        0x0
                0x00000000080048a4                _stepper_driver_api_list_start = .
 *(SORT_BY_NAME(SORT_BY_ALIGNMENT(._stepper_driver_api.static.*)))
                0x00000000080048a4                _stepper_driver_api_list_end = .

stepper_ctrl_driver_api_area
                0x00000000080048a4        0x0
                0x00000000080048a4                _stepper_ctrl_driver_api_list_start = .
 *(SORT_BY_NAME(SORT_BY_ALIGNMENT(._stepper_ctrl_driver_api.static.*)))
                0x00000000080048a4                _stepper_ctrl_driver_api_list_end = .

uart_driver_api_area
                0x00000000080048a4       0x14
                0x00000000080048a4                _uart_driver_api_list_start = .
 *(SORT_BY_NAME(SORT_BY_ALIGNMENT(._uart_driver_api.static.*)))
 ._uart_driver_api.static.uart_stm32_driver_api_
                0x00000000080048a4       0x14 zephyr/drivers/serial/libdrivers__serial.a(uart_stm32.c.obj)
                0x00000000080048b8                _uart_driver_api_list_end = .

bc12_emul_driver_api_area
                0x00000000080048b8        0x0
                0x00000000080048b8                _bc12_emul_driver_api_list_start = .
 *(SORT_BY_NAME(SORT_BY_ALIGNMENT(._bc12_emul_driver_api.static.*)))
                0x00000000080048b8                _bc12_emul_driver_api_list_end = .

bc12_driver_api_area
                0x00000000080048b8        0x0
                0x00000000080048b8                _bc12_driver_api_list_start = .
 *(SORT_BY_NAME(SORT_BY_ALIGNMENT(._bc12_driver_api.static.*)))
                0x00000000080048b8                _bc12_driver_api_list_end = .

usbc_ppc_driver_api_area
                0x00000000080048b8        0x0
                0x00000000080048b8                _usbc_ppc_driver_api_list_start = .
 *(SORT_BY_NAME(SORT_BY_ALIGNMENT(._usbc_ppc_driver_api.static.*)))
                0x00000000080048b8                _usbc_ppc_driver_api_list_end = .

tcpc_driver_api_area
                0x00000000080048b8        0x0
                0x00000000080048b8                _tcpc_driver_api_list_start = .
 *(SORT_BY_NAME(SORT_BY_ALIGNMENT(._tcpc_driver_api.static.*)))
                0x00000000080048b8                _tcpc_driver_api_list_end = .

usbc_vbus_driver_api_area
                0x00000000080048b8        0x0
                0x00000000080048b8                _usbc_vbus_driver_api_list_start = .
 *(SORT_BY_NAME(SORT_BY_ALIGNMENT(._usbc_vbus_driver_api.static.*)))
                0x00000000080048b8                _usbc_vbus_driver_api_list_end = .

ivshmem_driver_api_area
                0x00000000080048b8        0x0
                0x00000000080048b8                _ivshmem_driver_api_list_start = .
 *(SORT_BY_NAME(SORT_BY_ALIGNMENT(._ivshmem_driver_api.static.*)))
                0x00000000080048b8                _ivshmem_driver_api_list_end = .

ethphy_driver_api_area
                0x00000000080048b8        0x0
                0x00000000080048b8                _ethphy_driver_api_list_start = .
 *(SORT_BY_NAME(SORT_BY_ALIGNMENT(._ethphy_driver_api.static.*)))
                0x00000000080048b8                _ethphy_driver_api_list_end = .

ztest           0x00000000080048b8        0x0
                0x00000000080048b8                _ztest_expected_result_entry_list_start = .
 *(SORT_BY_NAME(SORT_BY_ALIGNMENT(._ztest_expected_result_entry.static.*)))
                0x00000000080048b8                _ztest_expected_result_entry_list_end = .
                0x00000000080048b8                _ztest_suite_node_list_start = .
 *(SORT_BY_NAME(SORT_BY_ALIGNMENT(._ztest_suite_node.static.*)))
                0x00000000080048b8                _ztest_suite_node_list_end = .
                0x00000000080048b8                _ztest_unit_test_list_start = .
 *(SORT_BY_NAME(SORT_BY_ALIGNMENT(._ztest_unit_test.static.*)))
                0x00000000080048b8                _ztest_unit_test_list_end = .
                0x00000000080048b8                _ztest_test_rule_list_start = .
 *(SORT_BY_NAME(SORT_BY_ALIGNMENT(._ztest_test_rule.static.*)))
                0x00000000080048b8                _ztest_test_rule_list_end = .

init_array      0x00000000080048b8        0x0
                0x00000000080048b8                __zephyr_init_array_start = .
 *(SORT_BY_INIT_PRIORITY(.init_array.*) SORT_BY_INIT_PRIORITY(.ctors.*))
 *(SORT_BY_ALIGNMENT(.init_array) SORT_BY_ALIGNMENT(.ctors))
                0x00000000080048b8                __zephyr_init_array_end = .
                0x0000000000000001                ASSERT ((__zephyr_init_array_start == __zephyr_init_array_end), GNU-style constructors required but STATIC_INIT_GNU not enabled)

bt_l2cap_fixed_chan_area
                0x00000000080048b8        0x0
                0x00000000080048b8                _bt_l2cap_fixed_chan_list_start = .
 *(SORT_BY_NAME(SORT_BY_ALIGNMENT(._bt_l2cap_fixed_chan.static.*)))
                0x00000000080048b8                _bt_l2cap_fixed_chan_list_end = .

bt_gatt_service_static_area
                0x00000000080048b8        0x0
                0x00000000080048b8                _bt_gatt_service_static_list_start = .
 *(SORT_BY_NAME(SORT_BY_ALIGNMENT(._bt_gatt_service_static.static.*)))
                0x00000000080048b8                _bt_gatt_service_static_list_end = .

log_strings_area
                0x00000000080048b8        0x0
                0x00000000080048b8                _log_strings_list_start = .
 *(SORT_BY_NAME(SORT_BY_ALIGNMENT(._log_strings.static.*)))
                0x00000000080048b8                _log_strings_list_end = .

log_stmesp_ptr_area
                0x00000000080048b8        0x0
                0x00000000080048b8                _log_stmesp_ptr_list_start = .
 *(SORT_BY_NAME(SORT_BY_ALIGNMENT(._log_stmesp_ptr.static.*)))
                0x00000000080048b8                _log_stmesp_ptr_list_end = .

log_stmesp_str_area
                0x00000000080048b8        0x0
                0x00000000080048b8                _log_stmesp_str_list_start = .
 *(SORT_BY_NAME(SORT_BY_ALIGNMENT(._log_stmesp_str.static.*)))
                0x00000000080048b8                _log_stmesp_str_list_end = .

log_const_area  0x00000000080048b8        0x0
                0x00000000080048b8                _log_const_list_start = .
 *(SORT_BY_NAME(SORT_BY_ALIGNMENT(._log_const.static.*)))
                0x00000000080048b8                _log_const_list_end = .

log_backend_area
                0x00000000080048b8        0x0
                0x00000000080048b8                _log_backend_list_start = .
 *(SORT_BY_NAME(SORT_BY_ALIGNMENT(._log_backend.static.*)))
                0x00000000080048b8                _log_backend_list_end = .

log_link_area   0x00000000080048b8        0x0
                0x00000000080048b8                _log_link_list_start = .
 *(SORT_BY_NAME(SORT_BY_ALIGNMENT(._log_link.static.*)))
                0x00000000080048b8                _log_link_list_end = .

tracing_backend_area
                0x00000000080048b8        0x0
                0x00000000080048b8                _tracing_backend_list_start = .
 *(SORT_BY_NAME(SORT_BY_ALIGNMENT(._tracing_backend.static.*)))
                0x00000000080048b8                _tracing_backend_list_end = .

zephyr_dbg_info
 *(SORT_BY_ALIGNMENT(.dbg_thread_info))

intc_table_area
                0x00000000080048b8        0x0
                0x00000000080048b8                _intc_table_list_start = .
 *(SORT_BY_NAME(SORT_BY_ALIGNMENT(._intc_table.static.*)))
                0x00000000080048b8                _intc_table_list_end = .

symbol_to_keep  0x00000000080048b8        0x0
                0x00000000080048b8                __symbol_to_keep_start = .
 *(SORT_BY_NAME(SORT_BY_ALIGNMENT(.symbol_to_keep*)))
                0x00000000080048b8                __symbol_to_keep_end = .

shell_area      0x00000000080048b8        0x0
                0x00000000080048b8                _shell_list_start = .
 *(SORT_BY_NAME(SORT_BY_ALIGNMENT(._shell.static.*)))
                0x00000000080048b8                _shell_list_end = .

shell_root_cmds_area
                0x00000000080048b8        0x0
                0x00000000080048b8                _shell_root_cmds_list_start = .
 *(SORT_BY_NAME(SORT_BY_ALIGNMENT(._shell_root_cmds.static.*)))
                0x00000000080048b8                _shell_root_cmds_list_end = .

shell_subcmds_area
                0x00000000080048b8        0x0
                0x00000000080048b8                _shell_subcmds_list_start = .
 *(SORT_BY_NAME(SORT_BY_ALIGNMENT(._shell_subcmds.static.*)))
                0x00000000080048b8                _shell_subcmds_list_end = .

shell_dynamic_subcmds_area
                0x00000000080048b8        0x0
                0x00000000080048b8                _shell_dynamic_subcmds_list_start = .
 *(SORT_BY_NAME(SORT_BY_ALIGNMENT(._shell_dynamic_subcmds.static.*)))
                0x00000000080048b8                _shell_dynamic_subcmds_list_end = .

cfb_font_area   0x00000000080048b8        0x0
                0x00000000080048b8                _cfb_font_list_start = .
 *(SORT_BY_NAME(SORT_BY_ALIGNMENT(._cfb_font.static.*)))
                0x00000000080048b8                _cfb_font_list_end = .

tdata           0x00000000080048b8        0x0
 *(SORT_BY_ALIGNMENT(.tdata) SORT_BY_ALIGNMENT(.tdata.*) SORT_BY_ALIGNMENT(.gnu.linkonce.td.*))

tbss            0x00000000080048b8        0x4
 *(SORT_BY_ALIGNMENT(.tbss) SORT_BY_ALIGNMENT(.tbss.*) SORT_BY_ALIGNMENT(.gnu.linkonce.tb.*) SORT_BY_ALIGNMENT(.tcommon))
 .tbss.z_tls_current
                0x00000000080048b8        0x4 zephyr/libzephyr.a(thread_entry.c.obj)
                0x00000000080048b8                z_tls_current
                0x00000000080048b8                PROVIDE (__tdata_start = LOADADDR (tdata))
                0x0000000000000001                PROVIDE (__tdata_align = ALIGNOF (tdata))
                0x0000000000000000                PROVIDE (__tdata_size = (((SIZEOF (tdata) + __tdata_align) - 0x1) & ~ ((__tdata_align - 0x1))))
                [!provide]                        PROVIDE (__tdata_end = (__tdata_start + __tdata_size))
                0x0000000000000004                PROVIDE (__tbss_align = ALIGNOF (tbss))
                [!provide]                        PROVIDE (__tbss_start = ADDR (tbss))
                0x0000000000000004                PROVIDE (__tbss_size = (((SIZEOF (tbss) + __tbss_align) - 0x1) & ~ ((__tbss_align - 0x1))))
                [!provide]                        PROVIDE (__tbss_end = (__tbss_start + __tbss_size))
                [!provide]                        PROVIDE (__tls_start = __tdata_start)
                [!provide]                        PROVIDE (__tls_end = __tbss_end)
                [!provide]                        PROVIDE (__tls_size = (__tbss_end - __tdata_start))

rodata          0x00000000080048b8      0x7b0
 *(SORT_BY_ALIGNMENT(.rodata))
 .rodata        0x00000000080048b8        0x8 zephyr/drivers/interrupt_controller/libdrivers__interrupt_controller.a(intc_exti_stm32.c.obj)
 *(SORT_BY_ALIGNMENT(.rodata.*))
 .rodata.i2c_dev
                0x00000000080048c0        0x8 app/libapp.a(main.c.obj)
 .rodata.mem_attr_region
                0x00000000080048c8        0x0 zephyr/libzephyr.a(mem_attr.c.obj)
 .rodata.static_regions
                0x00000000080048c8        0xc zephyr/arch/arch/arm/core/mpu/libarch__arm__core__mpu.a(arm_core_mpu.c.obj)
 .rodata.mpu_config
                0x00000000080048d4        0x8 zephyr/arch/arch/arm/core/mpu/libarch__arm__core__mpu.a(arm_mpu_regions.c.obj)
                0x00000000080048d4                mpu_config
 .rodata.mpu_regions
                0x00000000080048dc       0x18 zephyr/arch/arch/arm/core/mpu/libarch__arm__core__mpu.a(arm_mpu_regions.c.obj)
 .rodata.gpio_stm32_cfg_i
                0x00000000080048f4       0x14 zephyr/drivers/gpio/libdrivers__gpio.a(gpio_stm32.c.obj)
 .rodata.gpio_stm32_cfg_h
                0x0000000008004908       0x14 zephyr/drivers/gpio/libdrivers__gpio.a(gpio_stm32.c.obj)
 .rodata.gpio_stm32_cfg_g
                0x000000000800491c       0x14 zephyr/drivers/gpio/libdrivers__gpio.a(gpio_stm32.c.obj)
 .rodata.gpio_stm32_cfg_f
                0x0000000008004930       0x14 zephyr/drivers/gpio/libdrivers__gpio.a(gpio_stm32.c.obj)
 .rodata.gpio_stm32_cfg_e
                0x0000000008004944       0x14 zephyr/drivers/gpio/libdrivers__gpio.a(gpio_stm32.c.obj)
 .rodata.gpio_stm32_cfg_d
                0x0000000008004958       0x14 zephyr/drivers/gpio/libdrivers__gpio.a(gpio_stm32.c.obj)
 .rodata.gpio_stm32_cfg_c
                0x000000000800496c       0x14 zephyr/drivers/gpio/libdrivers__gpio.a(gpio_stm32.c.obj)
 .rodata.gpio_stm32_cfg_b
                0x0000000008004980       0x14 zephyr/drivers/gpio/libdrivers__gpio.a(gpio_stm32.c.obj)
 .rodata.gpio_stm32_cfg_a
                0x0000000008004994       0x14 zephyr/drivers/gpio/libdrivers__gpio.a(gpio_stm32.c.obj)
 .rodata.i2c_stm32_cfg_0
                0x00000000080049a8       0x18 zephyr/drivers/i2c/libdrivers__i2c.a(i2c_stm32.c.obj)
 .rodata.pclken_0
                0x00000000080049c0        0x8 zephyr/drivers/i2c/libdrivers__i2c.a(i2c_stm32.c.obj)
 .rodata.__pinctrl_dev_config__device_dts_ord_23
                0x00000000080049c8        0x8 zephyr/drivers/i2c/libdrivers__i2c.a(i2c_stm32.c.obj)
 .rodata.__pinctrl_states__device_dts_ord_23
                0x00000000080049d0        0x8 zephyr/drivers/i2c/libdrivers__i2c.a(i2c_stm32.c.obj)
 .rodata.__pinctrl_state_pins_0__device_dts_ord_23
                0x00000000080049d8       0x10 zephyr/drivers/i2c/libdrivers__i2c.a(i2c_stm32.c.obj)
 .rodata.gpio_ports
                0x00000000080049e8       0x68 zephyr/drivers/pinctrl/libdrivers__pinctrl.a(pinctrl_stm32.c.obj)
 .rodata.reset_stm32_config
                0x0000000008004a50        0x4 zephyr/drivers/reset/libdrivers__reset.a(reset_stm32.c.obj)
 .rodata.uart_stm32_cfg_0
                0x0000000008004a54       0x28 zephyr/drivers/serial/libdrivers__serial.a(uart_stm32.c.obj)
 .rodata.pclken_0
                0x0000000008004a7c        0x8 zephyr/drivers/serial/libdrivers__serial.a(uart_stm32.c.obj)
 .rodata.__pinctrl_dev_config__device_dts_ord_89
                0x0000000008004a84        0x8 zephyr/drivers/serial/libdrivers__serial.a(uart_stm32.c.obj)
 .rodata.__pinctrl_states__device_dts_ord_89
                0x0000000008004a8c        0x8 zephyr/drivers/serial/libdrivers__serial.a(uart_stm32.c.obj)
 .rodata.__pinctrl_state_pins_0__device_dts_ord_89
                0x0000000008004a94       0x10 zephyr/drivers/serial/libdrivers__serial.a(uart_stm32.c.obj)
 .rodata.levels.0
                0x0000000008004aa4       0x18 zephyr/kernel/libkernel.a(init.c.obj)
 .rodata.CSWTCH.73
                0x0000000008004abc        0x6 zephyr/drivers/serial/libdrivers__serial.a(uart_stm32.c.obj)
 .rodata.eepromInit.str1.1
                0x0000000008004ac2       0x18 app/libapp.a(at24_eeprom.c.obj)
 .rodata.eepromWrite8.str1.1
                0x0000000008004ada       0x2b app/libapp.a(at24_eeprom.c.obj)
 .rodata.z_arm_fatal_error.str1.1
                0x0000000008004b05       0xb3 zephyr/arch/arch/arm/core/libarch__arm__core.a(fatal.c.obj)
 .rodata.mem_manage_fault.str1.1
                0x0000000008004bb8       0xdf zephyr/arch/arch/arm/core/cortex_m/libarch__arm__core__cortex_m.a(fault.c.obj)
 .rodata.usage_fault.constprop.0.str1.1
                0x0000000008004c97       0xd4 zephyr/arch/arch/arm/core/cortex_m/libarch__arm__core__cortex_m.a(fault.c.obj)
 .rodata.bus_fault.constprop.0.str1.1
                0x0000000008004d6b       0x8e zephyr/arch/arch/arm/core/cortex_m/libarch__arm__core__cortex_m.a(fault.c.obj)
 .rodata.z_arm_fault.str1.1
                0x0000000008004df9      0x119 zephyr/arch/arch/arm/core/cortex_m/libarch__arm__core__cortex_m.a(fault.c.obj)
 .rodata.str1.1
                0x0000000008004f12        0xf zephyr/arch/arch/arm/core/mpu/libarch__arm__core__mpu.a(arm_mpu_regions.c.obj)
 .rodata.str1.1
                0x0000000008004f21       0x1e zephyr/drivers/interrupt_controller/libdrivers__interrupt_controller.a(intc_exti_stm32.c.obj)
 .rodata.line_range_6.0
                0x0000000008004f3f        0x2 zephyr/drivers/interrupt_controller/libdrivers__interrupt_controller.a(intc_gpio_stm32.c.obj)
 .rodata.line_range_5.1
                0x0000000008004f41        0x2 zephyr/drivers/interrupt_controller/libdrivers__interrupt_controller.a(intc_gpio_stm32.c.obj)
 .rodata.line_range_4.2
                0x0000000008004f43        0x2 zephyr/drivers/interrupt_controller/libdrivers__interrupt_controller.a(intc_gpio_stm32.c.obj)
 .rodata.line_range_3.3